Archive member included to satisfy reference by file (symbol)

/opt/stm32cubeide/plugins/com.st.stm32cube.ide.mcu.externaltools.gnu-tools-for-stm32.13.3.rel1.linux64_1.0.0.202410170706/tools/bin/../lib/gcc/arm-none-eabi/13.3.1/../../../../arm-none-eabi/lib/thumb/v8-m.main+fp/hard/libc_nano.a(libc_a-exit.o)
                              /opt/stm32cubeide/plugins/com.st.stm32cube.ide.mcu.externaltools.gnu-tools-for-stm32.13.3.rel1.linux64_1.0.0.202410170706/tools/bin/../lib/gcc/arm-none-eabi/13.3.1/../../../../arm-none-eabi/lib/thumb/v8-m.main+fp/hard/crt0.o (exit)
/opt/stm32cubeide/plugins/com.st.stm32cube.ide.mcu.externaltools.gnu-tools-for-stm32.13.3.rel1.linux64_1.0.0.202410170706/tools/bin/../lib/gcc/arm-none-eabi/13.3.1/../../../../arm-none-eabi/lib/thumb/v8-m.main+fp/hard/libc_nano.a(libc_a-findfp.o)
                              /opt/stm32cubeide/plugins/com.st.stm32cube.ide.mcu.externaltools.gnu-tools-for-stm32.13.3.rel1.linux64_1.0.0.202410170706/tools/bin/../lib/gcc/arm-none-eabi/13.3.1/../../../../arm-none-eabi/lib/thumb/v8-m.main+fp/hard/libc_nano.a(libc_a-exit.o) (__stdio_exit_handler)
/opt/stm32cubeide/plugins/com.st.stm32cube.ide.mcu.externaltools.gnu-tools-for-stm32.13.3.rel1.linux64_1.0.0.202410170706/tools/bin/../lib/gcc/arm-none-eabi/13.3.1/../../../../arm-none-eabi/lib/thumb/v8-m.main+fp/hard/libc_nano.a(libc_a-fwalk.o)
                              /opt/stm32cubeide/plugins/com.st.stm32cube.ide.mcu.externaltools.gnu-tools-for-stm32.13.3.rel1.linux64_1.0.0.202410170706/tools/bin/../lib/gcc/arm-none-eabi/13.3.1/../../../../arm-none-eabi/lib/thumb/v8-m.main+fp/hard/libc_nano.a(libc_a-findfp.o) (_fwalk_sglue)
/opt/stm32cubeide/plugins/com.st.stm32cube.ide.mcu.externaltools.gnu-tools-for-stm32.13.3.rel1.linux64_1.0.0.202410170706/tools/bin/../lib/gcc/arm-none-eabi/13.3.1/../../../../arm-none-eabi/lib/thumb/v8-m.main+fp/hard/libc_nano.a(libc_a-stdio.o)
                              /opt/stm32cubeide/plugins/com.st.stm32cube.ide.mcu.externaltools.gnu-tools-for-stm32.13.3.rel1.linux64_1.0.0.202410170706/tools/bin/../lib/gcc/arm-none-eabi/13.3.1/../../../../arm-none-eabi/lib/thumb/v8-m.main+fp/hard/libc_nano.a(libc_a-findfp.o) (__sread)
/opt/stm32cubeide/plugins/com.st.stm32cube.ide.mcu.externaltools.gnu-tools-for-stm32.13.3.rel1.linux64_1.0.0.202410170706/tools/bin/../lib/gcc/arm-none-eabi/13.3.1/../../../../arm-none-eabi/lib/thumb/v8-m.main+fp/hard/libc_nano.a(libc_a-memset.o)
                              /opt/stm32cubeide/plugins/com.st.stm32cube.ide.mcu.externaltools.gnu-tools-for-stm32.13.3.rel1.linux64_1.0.0.202410170706/tools/bin/../lib/gcc/arm-none-eabi/13.3.1/../../../../arm-none-eabi/lib/thumb/v8-m.main+fp/hard/crt0.o (memset)
/opt/stm32cubeide/plugins/com.st.stm32cube.ide.mcu.externaltools.gnu-tools-for-stm32.13.3.rel1.linux64_1.0.0.202410170706/tools/bin/../lib/gcc/arm-none-eabi/13.3.1/../../../../arm-none-eabi/lib/thumb/v8-m.main+fp/hard/libc_nano.a(libc_a-closer.o)
                              /opt/stm32cubeide/plugins/com.st.stm32cube.ide.mcu.externaltools.gnu-tools-for-stm32.13.3.rel1.linux64_1.0.0.202410170706/tools/bin/../lib/gcc/arm-none-eabi/13.3.1/../../../../arm-none-eabi/lib/thumb/v8-m.main+fp/hard/libc_nano.a(libc_a-stdio.o) (_close_r)
/opt/stm32cubeide/plugins/com.st.stm32cube.ide.mcu.externaltools.gnu-tools-for-stm32.13.3.rel1.linux64_1.0.0.202410170706/tools/bin/../lib/gcc/arm-none-eabi/13.3.1/../../../../arm-none-eabi/lib/thumb/v8-m.main+fp/hard/libc_nano.a(libc_a-reent.o)
                              /opt/stm32cubeide/plugins/com.st.stm32cube.ide.mcu.externaltools.gnu-tools-for-stm32.13.3.rel1.linux64_1.0.0.202410170706/tools/bin/../lib/gcc/arm-none-eabi/13.3.1/../../../../arm-none-eabi/lib/thumb/v8-m.main+fp/hard/libc_nano.a(libc_a-closer.o) (errno)
/opt/stm32cubeide/plugins/com.st.stm32cube.ide.mcu.externaltools.gnu-tools-for-stm32.13.3.rel1.linux64_1.0.0.202410170706/tools/bin/../lib/gcc/arm-none-eabi/13.3.1/../../../../arm-none-eabi/lib/thumb/v8-m.main+fp/hard/libc_nano.a(libc_a-impure.o)
                              /opt/stm32cubeide/plugins/com.st.stm32cube.ide.mcu.externaltools.gnu-tools-for-stm32.13.3.rel1.linux64_1.0.0.202410170706/tools/bin/../lib/gcc/arm-none-eabi/13.3.1/../../../../arm-none-eabi/lib/thumb/v8-m.main+fp/hard/libc_nano.a(libc_a-reent.o) (_impure_ptr)
/opt/stm32cubeide/plugins/com.st.stm32cube.ide.mcu.externaltools.gnu-tools-for-stm32.13.3.rel1.linux64_1.0.0.202410170706/tools/bin/../lib/gcc/arm-none-eabi/13.3.1/../../../../arm-none-eabi/lib/thumb/v8-m.main+fp/hard/libc_nano.a(libc_a-lseekr.o)
                              /opt/stm32cubeide/plugins/com.st.stm32cube.ide.mcu.externaltools.gnu-tools-for-stm32.13.3.rel1.linux64_1.0.0.202410170706/tools/bin/../lib/gcc/arm-none-eabi/13.3.1/../../../../arm-none-eabi/lib/thumb/v8-m.main+fp/hard/libc_nano.a(libc_a-stdio.o) (_lseek_r)
[...]
Memory Configuration

Name             Origin             Length             Attributes
RAM              0x30000000         0x00040000         xrw
SRAM4            0x38000000         0x00004000         xrw
FLASH            0x0c000000         0x000fe000         xr
FLASH_NSC        0x0c0fe000         0x00002000         xr
*default*        0x00000000         0xffffffff

Linker script and memory map

LOAD /opt/stm32cubeide/plugins/com.st.stm32cube.ide.mcu.externaltools.gnu-tools-for-stm32.13.3.rel1.linux64_1.0.0.202410170706/tools/bin/../lib/gcc/arm-none-eabi/13.3.1/thumb/v8-m.main+fp/hard/crti.o
LOAD /opt/stm32cubeide/plugins/com.st.stm32cube.ide.mcu.externaltools.gnu-tools-for-stm32.13.3.rel1.linux64_1.0.0.202410170706/tools/bin/../lib/gcc/arm-none-eabi/13.3.1/thumb/v8-m.main+fp/hard/crtbegin.o
LOAD /opt/stm32cubeide/plugins/com.st.stm32cube.ide.mcu.externaltools.gnu-tools-for-stm32.13.3.rel1.linux64_1.0.0.202410170706/tools/bin/../lib/gcc/arm-none-eabi/13.3.1/../../../../arm-none-eabi/lib/thumb/v8-m.main+fp/hard/crt0.o
LOAD ./Core/Src/main.o
LOAD ./Core/Src/secure_nsc.o
LOAD ./Core/Src/stm32u5xx_hal_msp.o
LOAD ./Core/Src/stm32u5xx_it.o
LOAD ./Core/Src/syscalls.o
LOAD ./Core/Src/sysmem.o
LOAD ./Core/Src/system_stm32u5xx_s.o
LOAD ./Core/Startup/startup_stm32u585aiixq.o
LOAD ./Drivers/STM32U5xx_HAL_Driver/stm32u5xx_hal.o
LOAD ./Drivers/STM32U5xx_HAL_Driver/stm32u5xx_hal_cortex.o
LOAD ./Drivers/STM32U5xx_HAL_Driver/stm32u5xx_hal_dma.o
LOAD ./Drivers/STM32U5xx_HAL_Driver/stm32u5xx_hal_dma_ex.o
LOAD ./Drivers/STM32U5xx_HAL_Driver/stm32u5xx_hal_exti.o
LOAD ./Drivers/STM32U5xx_HAL_Driver/stm32u5xx_hal_flash.o
LOAD ./Drivers/STM32U5xx_HAL_Driver/stm32u5xx_hal_flash_ex.o
LOAD ./Drivers/STM32U5xx_HAL_Driver/stm32u5xx_hal_gpio.o
LOAD ./Drivers/STM32U5xx_HAL_Driver/stm32u5xx_hal_gtzc.o
LOAD ./Drivers/STM32U5xx_HAL_Driver/stm32u5xx_hal_i2c.o
LOAD ./Drivers/STM32U5xx_HAL_Driver/stm32u5xx_hal_i2c_ex.o
LOAD ./Drivers/STM32U5xx_HAL_Driver/stm32u5xx_hal_icache.o
LOAD ./Drivers/STM32U5xx_HAL_Driver/stm32u5xx_hal_pwr.o
LOAD ./Drivers/STM32U5xx_HAL_Driver/stm32u5xx_hal_pwr_ex.o
LOAD ./Drivers/STM32U5xx_HAL_Driver/stm32u5xx_hal_rcc.o
LOAD ./Drivers/STM32U5xx_HAL_Driver/stm32u5xx_hal_rcc_ex.o
LOAD ./Drivers/STM32U5xx_HAL_Driver/stm32u5xx_hal_uart.o
LOAD ./Drivers/STM32U5xx_HAL_Driver/stm32u5xx_hal_uart_ex.o
START GROUP
LOAD /opt/stm32cubeide/plugins/com.st.stm32cube.ide.mcu.externaltools.gnu-tools-for-stm32.13.3.rel1.linux64_1.0.0.202410170706/tools/bin/../lib/gcc/arm-none-eabi/13.3.1/../../../../arm-none-eabi/lib/thumb/v8-m.main+fp/hard/libc_nano.a
LOAD /opt/stm32cubeide/plugins/com.st.stm32cube.ide.mcu.externaltools.gnu-tools-for-stm32.13.3.rel1.linux64_1.0.0.202410170706/tools/bin/../lib/gcc/arm-none-eabi/13.3.1/../../../../arm-none-eabi/lib/thumb/v8-m.main+fp/hard/libm.a
END GROUP
START GROUP
LOAD /opt/stm32cubeide/plugins/com.st.stm32cube.ide.mcu.externaltools.gnu-tools-for-stm32.13.3.rel1.linux64_1.0.0.202410170706/tools/bin/../lib/gcc/arm-none-eabi/13.3.1/thumb/v8-m.main+fp/hard/libgcc.a
LOAD /opt/stm32cubeide/plugins/com.st.stm32cube.ide.mcu.externaltools.gnu-tools-for-stm32.13.3.rel1.linux64_1.0.0.202410170706/tools/bin/../lib/gcc/arm-none-eabi/13.3.1/../../../../arm-none-eabi/lib/thumb/v8-m.main+fp/hard/libc_nano.a
END GROUP
START GROUP
LOAD /opt/stm32cubeide/plugins/com.st.stm32cube.ide.mcu.externaltools.gnu-tools-for-stm32.13.3.rel1.linux64_1.0.0.202410170706/tools/bin/../lib/gcc/arm-none-eabi/13.3.1/thumb/v8-m.main+fp/hard/libgcc.a
LOAD /opt/stm32cubeide/plugins/com.st.stm32cube.ide.mcu.externaltools.gnu-tools-for-stm32.13.3.rel1.linux64_1.0.0.202410170706/tools/bin/../lib/gcc/arm-none-eabi/13.3.1/../../../../arm-none-eabi/lib/thumb/v8-m.main+fp/hard/libc_nano.a
LOAD /opt/stm32cubeide/plugins/com.st.stm32cube.ide.mcu.externaltools.gnu-tools-for-stm32.13.3.rel1.linux64_1.0.0.202410170706/tools/bin/../lib/gcc/arm-none-eabi/13.3.1/../../../../arm-none-eabi/lib/thumb/v8-m.main+fp/hard/libnosys.a
END GROUP
START GROUP
LOAD /opt/stm32cubeide/plugins/com.st.stm32cube.ide.mcu.externaltools.gnu-tools-for-stm32.13.3.rel1.linux64_1.0.0.202410170706/tools/bin/../lib/gcc/arm-none-eabi/13.3.1/thumb/v8-m.main+fp/hard/libgcc.a
LOAD /opt/stm32cubeide/plugins/com.st.stm32cube.ide.mcu.externaltools.gnu-tools-for-stm32.13.3.rel1.linux64_1.0.0.202410170706/tools/bin/../lib/gcc/arm-none-eabi/13.3.1/../../../../arm-none-eabi/lib/thumb/v8-m.main+fp/hard/libc_nano.a
LOAD /opt/stm32cubeide/plugins/com.st.stm32cube.ide.mcu.externaltools.gnu-tools-for-stm32.13.3.rel1.linux64_1.0.0.202410170706/tools/bin/../lib/gcc/arm-none-eabi/13.3.1/../../../../arm-none-eabi/lib/thumb/v8-m.main+fp/hard/libnosys.a
END GROUP
LOAD /opt/stm32cubeide/plugins/com.st.stm32cube.ide.mcu.externaltools.gnu-tools-for-stm32.13.3.rel1.linux64_1.0.0.202410170706/tools/bin/../lib/gcc/arm-none-eabi/13.3.1/thumb/v8-m.main+fp/hard/crtend.o
LOAD /opt/stm32cubeide/plugins/com.st.stm32cube.ide.mcu.externaltools.gnu-tools-for-stm32.13.3.rel1.linux64_1.0.0.202410170706/tools/bin/../lib/gcc/arm-none-eabi/13.3.1/thumb/v8-m.main+fp/hard/crtn.o
                0x30040000                        _estack = (ORIGIN (RAM) + LENGTH (RAM))
                0x00000200                        _Min_Heap_Size = 0x200
                0x00000400                        _Min_Stack_Size = 0x400

.isr_vector     0x0c000000      0x238
 *(.isr_vector)
 .isr_vector    0x0c000000      0x238 ./Core/Startup/startup_stm32u585aiixq.o
                0x0c000000                g_pfnVectors

.text           0x0c000238     0x6d78
 *(.text)
 .text          0x0c000238       0x40 /opt/stm32cubeide/plugins/com.st.stm32cube.ide.mcu.externaltools.gnu-tools-for-stm32.13.3.rel1.linux64_1.0.0.202410170706/tools/bin/../lib/gcc/arm-none-eabi/13.3.1/thumb/v8-m.main+fp/hard/crtbegin.o
 .text          0x0c000278       0x5c /opt/stm32cubeide/plugins/com.st.stm32cube.ide.mcu.externaltools.gnu-tools-for-stm32.13.3.rel1.linux64_1.0.0.202410170706/tools/bin/../lib/gcc/arm-none-eabi/13.3.1/thumb/v8-m.main+fp/hard/libgcc.a(cmse_nonsecure_call.o)
                0x0c000278                __gnu_cmse_nonsecure_call
 .text          0x0c0002d4       0x30 /opt/stm32cubeide/plugins/com.st.stm32cube.ide.mcu.externaltools.gnu-tools-for-stm32.13.3.rel1.linux64_1.0.0.202410170706/tools/bin/../lib/gcc/arm-none-eabi/13.3.1/thumb/v8-m.main+fp/hard/libgcc.a(_aeabi_uldivmod.o)
                0x0c0002d4                __aeabi_uldivmod
 .text          0x0c000304      0x348 /opt/stm32cubeide/plugins/com.st.stm32cube.ide.mcu.externaltools.gnu-tools-for-stm32.13.3.rel1.linux64_1.0.0.202410170706/tools/bin/../lib/gcc/arm-none-eabi/13.3.1/thumb/v8-m.main+fp/hard/libgcc.a(_udivmoddi4.o)
                0x0c000304                __udivmoddi4
 .text          0x0c00064c        0x4 /opt/stm32cubeide/plugins/com.st.stm32cube.ide.mcu.externaltools.gnu-tools-for-stm32.13.3.rel1.linux64_1.0.0.202410170706/tools/bin/../lib/gcc/arm-none-eabi/13.3.1/thumb/v8-m.main+fp/hard/libgcc.a(_dvmd_tls.o)
                0x0c00064c                __aeabi_ldiv0
                0x0c00064c                __aeabi_idiv0
 *(.text*)
 .text.main     0x0c000650       0x28 ./Core/Src/main.o
                0x0c000650                main
 .text.NonSecure_Init
                0x0c000678       0x88 ./Core/Src/main.o
 .text.SystemClock_Config
                0x0c000700       0xb8 ./Core/Src/main.o
                0x0c000700                SystemClock_Config
 .text.SystemPower_Config
                0x0c0007b8       0x18 ./Core/Src/main.o
 .text.MX_GTZC_S_Init
                0x0c0007d0      0x418 ./Core/Src/main.o
 .text.MX_ICACHE_Init
                0x0c000be8        0xe ./Core/Src/main.o
 *fill*         0x0c000bf6        0x2 
 .text.MX_USART3_UART_Init
                0x0c000bf8       0x98 ./Core/Src/main.o
 .text.MX_GPIO_Init
                0x0c000c90       0xc4 ./Core/Src/main.o
 .text.SubKeys  0x0c000d54       0x38 ./Core/Src/main.o
                0x0c000d54                SubKeys
 .text.HAL_SYSTICK_Callback
                0x0c000d8c       0x9c ./Core/Src/main.o
                0x0c000d8c                HAL_SYSTICK_Callback
 .text.HAL_GPIO_EXTI_Rising_Callback
                0x0c000e28       0x44 ./Core/Src/main.o
                0x0c000e28                HAL_GPIO_EXTI_Rising_Callback
 .text.Error_Handler
                0x0c000e6c        0xc ./Core/Src/main.o
                0x0c000e6c                Error_Handler
 .text.SECURE_RegisterCallback
                0x0c000e78       0xac ./Core/Src/secure_nsc.o
                0x0c000e78                __acle_se_SECURE_RegisterCallback
 .text.HAL_MspInit
                0x0c000f24       0x54 ./Core/Src/stm32u5xx_hal_msp.o
                0x0c000f24                HAL_MspInit
 .text.HAL_UART_MspInit
                0x0c000f78       0xd0 ./Core/Src/stm32u5xx_hal_msp.o
                0x0c000f78                HAL_UART_MspInit
 .text.NMI_Handler
                0x0c001048        0x8 ./Core/Src/stm32u5xx_it.o
                0x0c001048                NMI_Handler
 .text.HardFault_Handler
                0x0c001050        0x8 ./Core/Src/stm32u5xx_it.o
                0x0c001050                HardFault_Handler
 .text.MemManage_Handler
                0x0c001058        0x8 ./Core/Src/stm32u5xx_it.o
                0x0c001058                MemManage_Handler
 .text.BusFault_Handler
                0x0c001060        0x8 ./Core/Src/stm32u5xx_it.o
                0x0c001060                BusFault_Handler
 .text.UsageFault_Handler
                0x0c001068        0x8 ./Core/Src/stm32u5xx_it.o
                0x0c001068                UsageFault_Handler
 .text.SecureFault_Handler
                0x0c001070        0x8 ./Core/Src/stm32u5xx_it.o
                0x0c001070                SecureFault_Handler
 .text.SVC_Handler
                0x0c001078        0xe ./Core/Src/stm32u5xx_it.o
                0x0c001078                SVC_Handler
 .text.DebugMon_Handler
                0x0c001086        0xe ./Core/Src/stm32u5xx_it.o
                0x0c001086                DebugMon_Handler
 .text.PendSV_Handler
                0x0c001094        0xe ./Core/Src/stm32u5xx_it.o
                0x0c001094                PendSV_Handler
 .text.SysTick_Handler
                0x0c0010a2       0x10 ./Core/Src/stm32u5xx_it.o
                0x0c0010a2                SysTick_Handler
 .text.EXTI13_IRQHandler
                0x0c0010b2       0x10 ./Core/Src/stm32u5xx_it.o
                0x0c0010b2                EXTI13_IRQHandler
 *fill*         0x0c0010c2        0x2 
 .text.TZ_SAU_Setup
                0x0c0010c4       0x64 ./Core/Src/system_stm32u5xx_s.o
 .text.SystemInit
                0x0c001128       0x80 ./Core/Src/system_stm32u5xx_s.o
                0x0c001128                SystemInit
 .text.SystemCoreClockUpdate
                0x0c0011a8      0x1f0 ./Core/Src/system_stm32u5xx_s.o
                0x0c0011a8                SystemCoreClockUpdate
 .text.SECURE_SystemCoreClockUpdate
                0x0c001398       0x80 ./Core/Src/system_stm32u5xx_s.o
                0x0c001398                __acle_se_SECURE_SystemCoreClockUpdate
 .text.Reset_Handler
                0x0c001418       0x50 ./Core/Startup/startup_stm32u585aiixq.o
                0x0c001418                Reset_Handler
 .text.Default_Handler
                0x0c001468        0x2 ./Core/Startup/startup_stm32u585aiixq.o
                0x0c001468                EXTI2_IRQHandler
                0x0c001468                TIM8_TRG_COM_IRQHandler
                0x0c001468                TIM8_CC_IRQHandler
                0x0c001468                EXTI5_IRQHandler
                0x0c001468                FLASH_S_IRQHandler
                0x0c001468                TIM1_CC_IRQHandler
                0x0c001468                TSC_IRQHandler
                0x0c001468                TAMP_IRQHandler
                0x0c001468                TIM6_IRQHandler
                0x0c001468                EXTI12_IRQHandler
                0x0c001468                CORDIC_IRQHandler
                0x0c001468                EXTI3_IRQHandler
                0x0c001468                LPTIM4_IRQHandler
                0x0c001468                GPDMA1_Channel5_IRQHandler
                0x0c001468                EXTI8_IRQHandler
                0x0c001468                LPTIM2_IRQHandler
                0x0c001468                I2C3_ER_IRQHandler
                0x0c001468                PWR_S3WU_IRQHandler
                0x0c001468                MDF1_FLT2_IRQHandler
                0x0c001468                LPDMA1_Channel3_IRQHandler
                0x0c001468                LPTIM3_IRQHandler
                0x0c001468                EXTI0_IRQHandler
                0x0c001468                I2C2_EV_IRQHandler
                0x0c001468                FPU_IRQHandler
                0x0c001468                GPDMA1_Channel3_IRQHandler
                0x0c001468                GPDMA1_Channel7_IRQHandler
                0x0c001468                MDF1_FLT4_IRQHandler
                0x0c001468                FDCAN1_IT1_IRQHandler
                0x0c001468                RAMCFG_IRQHandler
                0x0c001468                GPDMA1_Channel9_IRQHandler
                0x0c001468                DCACHE1_IRQHandler
                0x0c001468                SPI1_IRQHandler
                0x0c001468                OCTOSPI1_IRQHandler
                0x0c001468                GPDMA1_Channel2_IRQHandler
                0x0c001468                TIM8_UP_IRQHandler
                0x0c001468                RCC_S_IRQHandler
                0x0c001468                OCTOSPI2_IRQHandler
                0x0c001468                SAI2_IRQHandler
                0x0c001468                MDF1_FLT1_IRQHandler
                0x0c001468                ADC1_IRQHandler
                0x0c001468                PKA_IRQHandler
                0x0c001468                MDF1_FLT5_IRQHandler
                0x0c001468                EXTI15_IRQHandler
                0x0c001468                TIM17_IRQHandler
                0x0c001468                USART3_IRQHandler
                0x0c001468                RTC_IRQHandler
                0x0c001468                EXTI9_IRQHandler
                0x0c001468                UART5_IRQHandler
                0x0c001468                TIM4_IRQHandler
                0x0c001468                I2C1_EV_IRQHandler
                0x0c001468                GPDMA1_Channel12_IRQHandler
                0x0c001468                GPDMA1_Channel1_IRQHandler
                0x0c001468                TIM16_IRQHandler
                0x0c001468                GPDMA1_Channel15_IRQHandler
                0x0c001468                UART4_IRQHandler
                0x0c001468                TIM3_IRQHandler
                0x0c001468                RCC_IRQHandler
                0x0c001468                TIM1_TRG_COM_IRQHandler
                0x0c001468                Default_Handler
                0x0c001468                GPDMA1_Channel8_IRQHandler
                0x0c001468                FMAC_IRQHandler
                0x0c001468                OTFDEC1_IRQHandler
                0x0c001468                GPDMA1_Channel11_IRQHandler
                0x0c001468                TIM7_IRQHandler
                0x0c001468                SDMMC1_IRQHandler
                0x0c001468                SAES_IRQHandler
                0x0c001468                TIM5_IRQHandler
                0x0c001468                UCPD1_IRQHandler
                0x0c001468                GPDMA1_Channel0_IRQHandler
                0x0c001468                TIM15_IRQHandler
                0x0c001468                I2C3_EV_IRQHandler
                0x0c001468                LPDMA1_Channel0_IRQHandler
                0x0c001468                PVD_PVM_IRQHandler
                0x0c001468                SPI2_IRQHandler
                0x0c001468                LPDMA1_Channel1_IRQHandler
                0x0c001468                EXTI14_IRQHandler
                0x0c001468                EXTI11_IRQHandler
                0x0c001468                OTFDEC2_IRQHandler
                0x0c001468                CRS_IRQHandler
                0x0c001468                GPDMA1_Channel14_IRQHandler
                0x0c001468                LSECSSD_IRQHandler
                0x0c001468                EXTI4_IRQHandler
                0x0c001468                RTC_S_IRQHandler
                0x0c001468                GPDMA1_Channel13_IRQHandler
                0x0c001468                RNG_IRQHandler
                0x0c001468                COMP_IRQHandler
                0x0c001468                TIM1_UP_IRQHandler
                0x0c001468                ADC4_IRQHandler
                0x0c001468                WWDG_IRQHandler
                0x0c001468                I2C4_EV_IRQHandler
                0x0c001468                ADF1_IRQHandler
                0x0c001468                IWDG_IRQHandler
                0x0c001468                LPUART1_IRQHandler
                0x0c001468                MDF1_FLT0_IRQHandler
                0x0c001468                FDCAN1_IT0_IRQHandler
                0x0c001468                TIM2_IRQHandler
                0x0c001468                GPDMA1_Channel4_IRQHandler
                0x0c001468                EXTI7_IRQHandler
                0x0c001468                DMA2D_IRQHandler
                0x0c001468                TIM1_BRK_IRQHandler
                0x0c001468                EXTI1_IRQHandler
                0x0c001468                SDMMC2_IRQHandler
                0x0c001468                AES_IRQHandler
                0x0c001468                DAC1_IRQHandler
                0x0c001468                GTZC_IRQHandler
                0x0c001468                MDF1_FLT3_IRQHandler
                0x0c001468                USART2_IRQHandler
                0x0c001468                GPDMA1_Channel6_IRQHandler
                0x0c001468                I2C2_ER_IRQHandler
                0x0c001468                TIM8_BRK_IRQHandler
                0x0c001468                FLASH_IRQHandler
                0x0c001468                USART1_IRQHandler
                0x0c001468                EXTI10_IRQHandler
                0x0c001468                OTG_FS_IRQHandler
                0x0c001468                SPI3_IRQHandler
                0x0c001468                LPDMA1_Channel2_IRQHandler
                0x0c001468                I2C1_ER_IRQHandler
                0x0c001468                FMC_IRQHandler
                0x0c001468                EXTI6_IRQHandler
                0x0c001468                LPTIM1_IRQHandler
                0x0c001468                DCMI_PSSI_IRQHandler
                0x0c001468                I2C4_ER_IRQHandler
                0x0c001468                GPDMA1_Channel10_IRQHandler
                0x0c001468                ICACHE_IRQHandler
                0x0c001468                SAI1_IRQHandler
                0x0c001468                HASH_IRQHandler
 *fill*         0x0c00146a        0x2 
 .text.HAL_Init
                0x0c00146c       0x60 ./Drivers/STM32U5xx_HAL_Driver/stm32u5xx_hal.o
                0x0c00146c                HAL_Init
 .text.HAL_InitTick
                0x0c0014cc       0xec ./Drivers/STM32U5xx_HAL_Driver/stm32u5xx_hal.o
                0x0c0014cc                HAL_InitTick
 .text.HAL_IncTick
                0x0c0015b8       0x28 ./Drivers/STM32U5xx_HAL_Driver/stm32u5xx_hal.o
                0x0c0015b8                HAL_IncTick
 .text.HAL_GetTick
                0x0c0015e0       0x18 ./Drivers/STM32U5xx_HAL_Driver/stm32u5xx_hal.o
                0x0c0015e0                HAL_GetTick
 .text.__NVIC_SetPriorityGrouping
                0x0c0015f8       0x48 ./Drivers/STM32U5xx_HAL_Driver/stm32u5xx_hal_cortex.o
 .text.__NVIC_GetPriorityGrouping
                0x0c001640       0x1c ./Drivers/STM32U5xx_HAL_Driver/stm32u5xx_hal_cortex.o
 .text.__NVIC_EnableIRQ
                0x0c00165c       0x3c ./Drivers/STM32U5xx_HAL_Driver/stm32u5xx_hal_cortex.o
 .text.__NVIC_SetPriority
                0x0c001698       0x54 ./Drivers/STM32U5xx_HAL_Driver/stm32u5xx_hal_cortex.o
 .text.NVIC_EncodePriority
                0x0c0016ec       0x66 ./Drivers/STM32U5xx_HAL_Driver/stm32u5xx_hal_cortex.o
 .text.HAL_NVIC_SetPriorityGrouping
                0x0c001752       0x16 ./Drivers/STM32U5xx_HAL_Driver/stm32u5xx_hal_cortex.o
                0x0c001752                HAL_NVIC_SetPriorityGrouping
 .text.HAL_NVIC_SetPriority
                0x0c001768       0x34 ./Drivers/STM32U5xx_HAL_Driver/stm32u5xx_hal_cortex.o
                0x0c001768                HAL_NVIC_SetPriority
 .text.HAL_NVIC_EnableIRQ
                0x0c00179c       0x1c ./Drivers/STM32U5xx_HAL_Driver/stm32u5xx_hal_cortex.o
                0x0c00179c                HAL_NVIC_EnableIRQ
 .text.HAL_SYSTICK_Config
                0x0c0017b8       0x44 ./Drivers/STM32U5xx_HAL_Driver/stm32u5xx_hal_cortex.o
                0x0c0017b8                HAL_SYSTICK_Config
 .text.HAL_SYSTICK_CLKSourceConfig
                0x0c0017fc       0xb0 ./Drivers/STM32U5xx_HAL_Driver/stm32u5xx_hal_cortex.o
                0x0c0017fc                HAL_SYSTICK_CLKSourceConfig
 .text.HAL_SYSTICK_GetCLKSourceConfig
                0x0c0018ac       0x74 ./Drivers/STM32U5xx_HAL_Driver/stm32u5xx_hal_cortex.o
                0x0c0018ac                HAL_SYSTICK_GetCLKSourceConfig
 .text.HAL_EXTI_ConfigLineAttributes
                0x0c001920       0xc4 ./Drivers/STM32U5xx_HAL_Driver/stm32u5xx_hal_exti.o
                0x0c001920                HAL_EXTI_ConfigLineAttributes
 .text.HAL_GPIO_Init
                0x0c0019e4      0x3b0 ./Drivers/STM32U5xx_HAL_Driver/stm32u5xx_hal_gpio.o
                0x0c0019e4                HAL_GPIO_Init
 .text.HAL_GPIO_WritePin
                0x0c001d94       0x30 ./Drivers/STM32U5xx_HAL_Driver/stm32u5xx_hal_gpio.o
                0x0c001d94                HAL_GPIO_WritePin
 .text.HAL_GPIO_EXTI_IRQHandler
                0x0c001dc4       0x4c ./Drivers/STM32U5xx_HAL_Driver/stm32u5xx_hal_gpio.o
                0x0c001dc4                HAL_GPIO_EXTI_IRQHandler
 .text.HAL_GPIO_EXTI_Falling_Callback
                0x0c001e10       0x16 ./Drivers/STM32U5xx_HAL_Driver/stm32u5xx_hal_gpio.o
                0x0c001e10                HAL_GPIO_EXTI_Falling_Callback
 *fill*         0x0c001e26        0x2 
 .text.HAL_GTZC_TZSC_ConfigPeriphAttributes
                0x0c001e28      0x2c4 ./Drivers/STM32U5xx_HAL_Driver/stm32u5xx_hal_gtzc.o
                0x0c001e28                HAL_GTZC_TZSC_ConfigPeriphAttributes
 .text.HAL_GTZC_MPCBB_ConfigMem
                0x0c0020ec      0x1b0 ./Drivers/STM32U5xx_HAL_Driver/stm32u5xx_hal_gtzc.o
                0x0c0020ec                HAL_GTZC_MPCBB_ConfigMem
 .text.HAL_PWREx_ControlVoltageScaling
                0x0c00229c       0xfc ./Drivers/STM32U5xx_HAL_Driver/stm32u5xx_hal_pwr_ex.o
                0x0c00229c                HAL_PWREx_ControlVoltageScaling
 .text.HAL_PWREx_GetVoltageRange
                0x0c002398       0x1c ./Drivers/STM32U5xx_HAL_Driver/stm32u5xx_hal_pwr_ex.o
                0x0c002398                HAL_PWREx_GetVoltageRange
 .text.HAL_PWREx_ConfigSupply
                0x0c0023b4       0xa0 ./Drivers/STM32U5xx_HAL_Driver/stm32u5xx_hal_pwr_ex.o
                0x0c0023b4                HAL_PWREx_ConfigSupply
 .text.HAL_RCC_OscConfig
                0x0c002454      0xdb8 ./Drivers/STM32U5xx_HAL_Driver/stm32u5xx_hal_rcc.o
                0x0c002454                HAL_RCC_OscConfig
 .text.HAL_RCC_ClockConfig
                0x0c00320c      0x3e4 ./Drivers/STM32U5xx_HAL_Driver/stm32u5xx_hal_rcc.o
                0x0c00320c                HAL_RCC_ClockConfig
 .text.HAL_RCC_GetSysClockFreq
                0x0c0035f0      0x204 ./Drivers/STM32U5xx_HAL_Driver/stm32u5xx_hal_rcc.o
                0x0c0035f0                HAL_RCC_GetSysClockFreq
 .text.HAL_RCC_GetHCLKFreq
                0x0c0037f4       0x34 ./Drivers/STM32U5xx_HAL_Driver/stm32u5xx_hal_rcc.o
                0x0c0037f4                HAL_RCC_GetHCLKFreq
 .text.HAL_RCC_GetPCLK1Freq
                0x0c003828       0x28 ./Drivers/STM32U5xx_HAL_Driver/stm32u5xx_hal_rcc.o
                0x0c003828                HAL_RCC_GetPCLK1Freq
 .text.HAL_RCC_GetPCLK2Freq
                0x0c003850       0x28 ./Drivers/STM32U5xx_HAL_Driver/stm32u5xx_hal_rcc.o
                0x0c003850                HAL_RCC_GetPCLK2Freq
 .text.HAL_RCC_GetPCLK3Freq
                0x0c003878       0x28 ./Drivers/STM32U5xx_HAL_Driver/stm32u5xx_hal_rcc.o
                0x0c003878                HAL_RCC_GetPCLK3Freq
 .text.RCC_SetFlashLatencyFromMSIRange
                0x0c0038a0      0x10c ./Drivers/STM32U5xx_HAL_Driver/stm32u5xx_hal_rcc.o
 .text.HAL_RCCEx_PeriphCLKConfig
                0x0c0039ac      0xb80 ./Drivers/STM32U5xx_HAL_Driver/stm32u5xx_hal_rcc_ex.o
                0x0c0039ac                HAL_RCCEx_PeriphCLKConfig
 .text.HAL_RCCEx_GetPLL1ClockFreq
                0x0c00452c      0x2b4 ./Drivers/STM32U5xx_HAL_Driver/stm32u5xx_hal_rcc_ex.o
                0x0c00452c                HAL_RCCEx_GetPLL1ClockFreq
 .text.HAL_RCCEx_GetPLL2ClockFreq
                0x0c0047e0      0x2b4 ./Drivers/STM32U5xx_HAL_Driver/stm32u5xx_hal_rcc_ex.o
                0x0c0047e0                HAL_RCCEx_GetPLL2ClockFreq
 .text.HAL_RCCEx_GetPLL3ClockFreq
                0x0c004a94      0x2b4 ./Drivers/STM32U5xx_HAL_Driver/stm32u5xx_hal_rcc_ex.o
                0x0c004a94                HAL_RCCEx_GetPLL3ClockFreq
 .text.HAL_RCCEx_GetPeriphCLKFreq
                0x0c004d48     0x13c4 ./Drivers/STM32U5xx_HAL_Driver/stm32u5xx_hal_rcc_ex.o
                0x0c004d48                HAL_RCCEx_GetPeriphCLKFreq
 .text.RCCEx_PLL2_Config
                0x0c00610c      0x130 ./Drivers/STM32U5xx_HAL_Driver/stm32u5xx_hal_rcc_ex.o
 .text.RCCEx_PLL3_Config
                0x0c00623c      0x130 ./Drivers/STM32U5xx_HAL_Driver/stm32u5xx_hal_rcc_ex.o
 .text.HAL_UART_Init
                0x0c00636c       0xa0 ./Drivers/STM32U5xx_HAL_Driver/stm32u5xx_hal_uart.o
                0x0c00636c                HAL_UART_Init
 .text.HAL_UART_Receive
                0x0c00640c      0x1ae ./Drivers/STM32U5xx_HAL_Driver/stm32u5xx_hal_uart.o
                0x0c00640c                HAL_UART_Receive
 *fill*         0x0c0065ba        0x2 
 .text.UART_SetConfig
                0x0c0065bc      0x340 ./Drivers/STM32U5xx_HAL_Driver/stm32u5xx_hal_uart.o
                0x0c0065bc                UART_SetConfig
 .text.UART_AdvFeatureConfig
                0x0c0068fc      0x144 ./Drivers/STM32U5xx_HAL_Driver/stm32u5xx_hal_uart.o
                0x0c0068fc                UART_AdvFeatureConfig
 .text.UART_CheckIdleState
                0x0c006a40      0x154 ./Drivers/STM32U5xx_HAL_Driver/stm32u5xx_hal_uart.o
                0x0c006a40                UART_CheckIdleState
 .text.UART_WaitOnFlagUntilTimeout
                0x0c006b94       0xda ./Drivers/STM32U5xx_HAL_Driver/stm32u5xx_hal_uart.o
                0x0c006b94                UART_WaitOnFlagUntilTimeout
 .text.UART_EndRxTransfer
                0x0c006c6e       0xcc ./Drivers/STM32U5xx_HAL_Driver/stm32u5xx_hal_uart.o
 .text.HAL_UARTEx_DisableFifoMode
                0x0c006d3a       0x72 ./Drivers/STM32U5xx_HAL_Driver/stm32u5xx_hal_uart_ex.o
                0x0c006d3a                HAL_UARTEx_DisableFifoMode
 .text.HAL_UARTEx_SetTxFifoThreshold
                0x0c006dac       0x7c ./Drivers/STM32U5xx_HAL_Driver/stm32u5xx_hal_uart_ex.o
                0x0c006dac                HAL_UARTEx_SetTxFifoThreshold
 .text.HAL_UARTEx_SetRxFifoThreshold
                0x0c006e28       0x7c ./Drivers/STM32U5xx_HAL_Driver/stm32u5xx_hal_uart_ex.o
                0x0c006e28                HAL_UARTEx_SetRxFifoThreshold
 .text.UARTEx_SetNbDataToProcess
                0x0c006ea4       0x9c ./Drivers/STM32U5xx_HAL_Driver/stm32u5xx_hal_uart_ex.o
 .text.memset   0x0c006f40       0x10 /opt/stm32cubeide/plugins/com.st.stm32cube.ide.mcu.externaltools.gnu-tools-for-stm32.13.3.rel1.linux64_1.0.0.202410170706/tools/bin/../lib/gcc/arm-none-eabi/13.3.1/../../../../arm-none-eabi/lib/thumb/v8-m.main+fp/hard/libc_nano.a(libc_a-memset.o)
                0x0c006f40                memset
 .text.__libc_init_array
                0x0c006f50       0x48 /opt/stm32cubeide/plugins/com.st.stm32cube.ide.mcu.externaltools.gnu-tools-for-stm32.13.3.rel1.linux64_1.0.0.202410170706/tools/bin/../lib/gcc/arm-none-eabi/13.3.1/../../../../arm-none-eabi/lib/thumb/v8-m.main+fp/hard/libc_nano.a(libc_a-init.o)
                0x0c006f50                __libc_init_array
 *(.glue_7)
 .glue_7        0x0c006f98        0x0 linker stubs
 *(.glue_7t)
 .glue_7t       0x0c006f98        0x0 linker stubs
 *(.eh_frame)
 .eh_frame      0x0c006f98        0x0 /opt/stm32cubeide/plugins/com.st.stm32cube.ide.mcu.externaltools.gnu-tools-for-stm32.13.3.rel1.linux64_1.0.0.202410170706/tools/bin/../lib/gcc/arm-none-eabi/13.3.1/thumb/v8-m.main+fp/hard/crtbegin.o
 *(.init)
 .init          0x0c006f98        0x4 /opt/stm32cubeide/plugins/com.st.stm32cube.ide.mcu.externaltools.gnu-tools-for-stm32.13.3.rel1.linux64_1.0.0.202410170706/tools/bin/../lib/gcc/arm-none-eabi/13.3.1/thumb/v8-m.main+fp/hard/crti.o
                0x0c006f98                _init
 .init          0x0c006f9c        0x8 /opt/stm32cubeide/plugins/com.st.stm32cube.ide.mcu.externaltools.gnu-tools-for-stm32.13.3.rel1.linux64_1.0.0.202410170706/tools/bin/../lib/gcc/arm-none-eabi/13.3.1/thumb/v8-m.main+fp/hard/crtn.o
 *(.fini)
 .fini          0x0c006fa4        0x4 /opt/stm32cubeide/plugins/com.st.stm32cube.ide.mcu.externaltools.gnu-tools-for-stm32.13.3.rel1.linux64_1.0.0.202410170706/tools/bin/../lib/gcc/arm-none-eabi/13.3.1/thumb/v8-m.main+fp/hard/crti.o
                0x0c006fa4                _fini
 .fini          0x0c006fa8        0x8 /opt/stm32cubeide/plugins/com.st.stm32cube.ide.mcu.externaltools.gnu-tools-for-stm32.13.3.rel1.linux64_1.0.0.202410170706/tools/bin/../lib/gcc/arm-none-eabi/13.3.1/thumb/v8-m.main+fp/hard/crtn.o
                0x0c006fb0                        _etext = .

.vfp11_veneer   0x0c006fb0        0x0
 .vfp11_veneer  0x0c006fb0        0x0 linker stubs

.v4_bx          0x0c006fb0        0x0
 .v4_bx         0x0c006fb0        0x0 linker stubs

.iplt           0x0c006fb0        0x0
 .iplt          0x0c006fb0        0x0 /opt/stm32cubeide/plugins/com.st.stm32cube.ide.mcu.externaltools.gnu-tools-for-stm32.13.3.rel1.linux64_1.0.0.202410170706/tools/bin/../lib/gcc/arm-none-eabi/13.3.1/thumb/v8-m.main+fp/hard/crtbegin.o

.rodata         0x0c006fb0      0x100
 *(.rodata)
 *(.rodata*)
 .rodata.AHBPrescTable
                0x0c006fb0       0x10 ./Core/Src/system_stm32u5xx_s.o
                0x0c006fb0                AHBPrescTable
 .rodata.APBPrescTable
                0x0c006fc0        0x8 ./Core/Src/system_stm32u5xx_s.o
                0x0c006fc0                APBPrescTable
 .rodata.MSIRangeTable
                0x0c006fc8       0x40 ./Core/Src/system_stm32u5xx_s.o
                0x0c006fc8                MSIRangeTable
 .rodata.LPGPIO_Map
                0x0c007008       0x80 ./Drivers/STM32U5xx_HAL_Driver/stm32u5xx_hal_gpio.o
 .rodata.UARTPrescTable
                0x0c007088       0x18 ./Drivers/STM32U5xx_HAL_Driver/stm32u5xx_hal_uart.o
                0x0c007088                UARTPrescTable
 .rodata.numerator.1
                0x0c0070a0        0x8 ./Drivers/STM32U5xx_HAL_Driver/stm32u5xx_hal_uart_ex.o
 .rodata.denominator.0
                0x0c0070a8        0x8 ./Drivers/STM32U5xx_HAL_Driver/stm32u5xx_hal_uart_ex.o

.ARM.extab
 *(.ARM.extab* .gnu.linkonce.armextab.*)

.ARM            0x0c0070b0        0x8
                0x0c0070b0                        __exidx_start = .
 *(.ARM.exidx*)
 .ARM.exidx     0x0c0070b0        0x8 /opt/stm32cubeide/plugins/com.st.stm32cube.ide.mcu.externaltools.gnu-tools-for-stm32.13.3.rel1.linux64_1.0.0.202410170706/tools/bin/../lib/gcc/arm-none-eabi/13.3.1/thumb/v8-m.main+fp/hard/libgcc.a(_udivmoddi4.o)
                0x0c0070b8                        __exidx_end = .

.preinit_array  0x0c0070b8        0x0
                0x0c0070b8                        PROVIDE (__preinit_array_start = .)
 *(.preinit_array*)
                0x0c0070b8                        PROVIDE (__preinit_array_end = .)

.init_array     0x0c0070b8        0x4
                0x0c0070b8                        PROVIDE (__init_array_start = .)
 *(SORT_BY_NAME(.init_array.*))
 *(.init_array*)
 .init_array    0x0c0070b8        0x4 /opt/stm32cubeide/plugins/com.st.stm32cube.ide.mcu.externaltools.gnu-tools-for-stm32.13.3.rel1.linux64_1.0.0.202410170706/tools/bin/../lib/gcc/arm-none-eabi/13.3.1/thumb/v8-m.main+fp/hard/crtbegin.o
                0x0c0070bc                        PROVIDE (__init_array_end = .)

.fini_array     0x0c0070bc        0x4
                [!provide]                        PROVIDE (__fini_array_start = .)
 *(SORT_BY_NAME(.fini_array.*))
 *(.fini_array*)
 .fini_array    0x0c0070bc        0x4 /opt/stm32cubeide/plugins/com.st.stm32cube.ide.mcu.externaltools.gnu-tools-for-stm32.13.3.rel1.linux64_1.0.0.202410170706/tools/bin/../lib/gcc/arm-none-eabi/13.3.1/thumb/v8-m.main+fp/hard/crtbegin.o
                [!provide]                        PROVIDE (__fini_array_end = .)
                0x0c0070c0                        _sidata = LOADADDR (.data)

.rel.dyn        0x0c0070c0        0x0
 .rel.iplt      0x0c0070c0        0x0 /opt/stm32cubeide/plugins/com.st.stm32cube.ide.mcu.externaltools.gnu-tools-for-stm32.13.3.rel1.linux64_1.0.0.202410170706/tools/bin/../lib/gcc/arm-none-eabi/13.3.1/thumb/v8-m.main+fp/hard/crtbegin.o

.data           0x30000000      0x111 load address 0x0c0070c0
                0x30000000                        _sdata = .
 *(.data)
 *(.data*)
 .data.TimingDelay
                0x30000000        0x4 ./Core/Src/main.o
 .data.aes_key  0x30000004        0x1 ./Core/Src/main.o
 *fill*         0x30000005        0x3 
 .data.s_box    0x30000008      0x100 ./Core/Src/main.o
 .data.SystemCoreClock
                0x30000108        0x4 ./Core/Src/system_stm32u5xx_s.o
                0x30000108                SystemCoreClock
 .data.uwTickPrio
                0x3000010c        0x4 ./Drivers/STM32U5xx_HAL_Driver/stm32u5xx_hal.o
                0x3000010c                uwTickPrio
 .data.uwTickFreq
                0x30000110        0x1 ./Drivers/STM32U5xx_HAL_Driver/stm32u5xx_hal.o
                0x30000110                uwTickFreq
 *(.RamFunc)
 *(.RamFunc*)
                0x30000111                        _edata = .

.igot.plt       0x30000114        0x0 load address 0x0c0071d1
 .igot.plt      0x30000114        0x0 /opt/stm32cubeide/plugins/com.st.stm32cube.ide.mcu.externaltools.gnu-tools-for-stm32.13.3.rel1.linux64_1.0.0.202410170706/tools/bin/../lib/gcc/arm-none-eabi/13.3.1/thumb/v8-m.main+fp/hard/crtbegin.o

.gnu.sgstubs    0x0c0fe000       0x20
                0x0c0fe000                        . = ALIGN (0x4)
 *(.gnu.sgstubs*)
                0x0c0fe000                        . = ALIGN (0x4)
 .gnu.sgstubs.__stub
                0x0c0fe000       0x10 linker stubs
                0x0c0fe000                SECURE_SystemCoreClockUpdate
                0x0c0fe008                SECURE_RegisterCallback

.bss            0x30000114       0xcc
                0x30000114                        _sbss = .
                0x30000114                        __bss_start__ = _sbss
 *(.bss)
 .bss           0x30000114       0x1c /opt/stm32cubeide/plugins/com.st.stm32cube.ide.mcu.externaltools.gnu-tools-for-stm32.13.3.rel1.linux64_1.0.0.202410170706/tools/bin/../lib/gcc/arm-none-eabi/13.3.1/thumb/v8-m.main+fp/hard/crtbegin.o
 *(.bss*)
 .bss.huart3    0x30000130       0x94 ./Core/Src/main.o
                0x30000130                huart3
 .bss.plaintext
                0x300001c4       0x10 ./Core/Src/main.o
 .bss.pSecureFaultCallback
                0x300001d4        0x4 ./Core/Src/secure_nsc.o
                0x300001d4                pSecureFaultCallback
 .bss.pSecureErrorCallback
                0x300001d8        0x4 ./Core/Src/secure_nsc.o
                0x300001d8                pSecureErrorCallback
 .bss.uwTick    0x300001dc        0x4 ./Drivers/STM32U5xx_HAL_Driver/stm32u5xx_hal.o
                0x300001dc                uwTick
 *(COMMON)
                0x300001e0                        _ebss = .
                0x300001e0                        __bss_end__ = _ebss

._user_heap_stack
                0x300001e0      0x600
                0x300001e0                        . = ALIGN (0x8)
                [!provide]                        PROVIDE (end = .)
                0x300001e0                        PROVIDE (_end = .)
                0x300003e0                        . = (. + _Min_Heap_Size)
 *fill*         0x300001e0      0x200 
                0x300007e0                        . = (. + _Min_Stack_Size)
 *fill*         0x300003e0      0x400 
                0x300007e0                        . = ALIGN (0x8)

/DISCARD/
 libc.a(*)
 libm.a(*)
 libgcc.a(*)

.ARM.attributes
                0x00000000       0x36
 *(.ARM.attributes)
 .ARM.attributes
                0x00000000       0x26 /opt/stm32cubeide/plugins/com.st.stm32cube.ide.mcu.externaltools.gnu-tools-for-stm32.13.3.rel1.linux64_1.0.0.202410170706/tools/bin/../lib/gcc/arm-none-eabi/13.3.1/thumb/v8-m.main+fp/hard/crti.o
 .ARM.attributes
                0x00000026       0x38 /opt/stm32cubeide/plugins/com.st.stm32cube.ide.mcu.externaltools.gnu-tools-for-stm32.13.3.rel1.linux64_1.0.0.202410170706/tools/bin/../lib/gcc/arm-none-eabi/13.3.1/thumb/v8-m.main+fp/hard/crtbegin.o
 .ARM.attributes
                0x0000005e       0x3a ./Core/Src/main.o
 .ARM.attributes
                0x00000098       0x3a ./Core/Src/secure_nsc.o
 .ARM.attributes
                0x000000d2       0x3a ./Core/Src/stm32u5xx_hal_msp.o
 .ARM.attributes
                0x0000010c       0x3a ./Core/Src/stm32u5xx_it.o
 .ARM.attributes
                0x00000146       0x3a ./Core/Src/system_stm32u5xx_s.o
 .ARM.attributes
                0x00000180       0x24 ./Core/Startup/startup_stm32u585aiixq.o
 .ARM.attributes
                0x000001a4       0x3a ./Drivers/STM32U5xx_HAL_Driver/stm32u5xx_hal.o
 .ARM.attributes
                0x000001de       0x3a ./Drivers/STM32U5xx_HAL_Driver/stm32u5xx_hal_cortex.o
 .ARM.attributes
                0x00000218       0x3a ./Drivers/STM32U5xx_HAL_Driver/stm32u5xx_hal_exti.o
 .ARM.attributes
                0x00000252       0x3a ./Drivers/STM32U5xx_HAL_Driver/stm32u5xx_hal_gpio.o
 .ARM.attributes
                0x0000028c       0x3a ./Drivers/STM32U5xx_HAL_Driver/stm32u5xx_hal_gtzc.o
 .ARM.attributes
                0x000002c6       0x3a ./Drivers/STM32U5xx_HAL_Driver/stm32u5xx_hal_pwr_ex.o
 .ARM.attributes
                0x00000300       0x3a ./Drivers/STM32U5xx_HAL_Driver/stm32u5xx_hal_rcc.o
 .ARM.attributes
                0x0000033a       0x3a ./Drivers/STM32U5xx_HAL_Driver/stm32u5xx_hal_rcc_ex.o
 .ARM.attributes
                0x00000374       0x3a ./Drivers/STM32U5xx_HAL_Driver/stm32u5xx_hal_uart.o
 .ARM.attributes
                0x000003ae       0x3a ./Drivers/STM32U5xx_HAL_Driver/stm32u5xx_hal_uart_ex.o
 .ARM.attributes
                0x000003e8       0x38 /opt/stm32cubeide/plugins/com.st.stm32cube.ide.mcu.externaltools.gnu-tools-for-stm32.13.3.rel1.linux64_1.0.0.202410170706/tools/bin/../lib/gcc/arm-none-eabi/13.3.1/../../../../arm-none-eabi/lib/thumb/v8-m.main+fp/hard/libc_nano.a(libc_a-memset.o)
 .ARM.attributes
                0x00000420       0x38 /opt/stm32cubeide/plugins/com.st.stm32cube.ide.mcu.externaltools.gnu-tools-for-stm32.13.3.rel1.linux64_1.0.0.202410170706/tools/bin/../lib/gcc/arm-none-eabi/13.3.1/../../../../arm-none-eabi/lib/thumb/v8-m.main+fp/hard/libc_nano.a(libc_a-init.o)
 .ARM.attributes
                0x00000458       0x24 /opt/stm32cubeide/plugins/com.st.stm32cube.ide.mcu.externaltools.gnu-tools-for-stm32.13.3.rel1.linux64_1.0.0.202410170706/tools/bin/../lib/gcc/arm-none-eabi/13.3.1/thumb/v8-m.main+fp/hard/libgcc.a(cmse_nonsecure_call.o)
 .ARM.attributes
                0x0000047c       0x26 /opt/stm32cubeide/plugins/com.st.stm32cube.ide.mcu.externaltools.gnu-tools-for-stm32.13.3.rel1.linux64_1.0.0.202410170706/tools/bin/../lib/gcc/arm-none-eabi/13.3.1/thumb/v8-m.main+fp/hard/libgcc.a(_aeabi_uldivmod.o)
 .ARM.attributes
                0x000004a2       0x38 /opt/stm32cubeide/plugins/com.st.stm32cube.ide.mcu.externaltools.gnu-tools-for-stm32.13.3.rel1.linux64_1.0.0.202410170706/tools/bin/../lib/gcc/arm-none-eabi/13.3.1/thumb/v8-m.main+fp/hard/libgcc.a(_udivmoddi4.o)
 .ARM.attributes
                0x000004da       0x26 /opt/stm32cubeide/plugins/com.st.stm32cube.ide.mcu.externaltools.gnu-tools-for-stm32.13.3.rel1.linux64_1.0.0.202410170706/tools/bin/../lib/gcc/arm-none-eabi/13.3.1/thumb/v8-m.main+fp/hard/libgcc.a(_dvmd_tls.o)
 .ARM.attributes
                0x00000500       0x26 /opt/stm32cubeide/plugins/com.st.stm32cube.ide.mcu.externaltools.gnu-tools-for-stm32.13.3.rel1.linux64_1.0.0.202410170706/tools/bin/../lib/gcc/arm-none-eabi/13.3.1/thumb/v8-m.main+fp/hard/crtn.o
OUTPUT(trustbust_firmware_Secure.elf elf32-littlearm)
LOAD linker stubs
LOAD /opt/stm32cubeide/plugins/com.st.stm32cube.ide.mcu.externaltools.gnu-tools-for-stm32.13.3.rel1.linux64_1.0.0.202410170706/tools/bin/../lib/gcc/arm-none-eabi/13.3.1/../../../../arm-none-eabi/lib/thumb/v8-m.main+fp/hard/libc.a
LOAD /opt/stm32cubeide/plugins/com.st.stm32cube.ide.mcu.externaltools.gnu-tools-for-stm32.13.3.rel1.linux64_1.0.0.202410170706/tools/bin/../lib/gcc/arm-none-eabi/13.3.1/../../../../arm-none-eabi/lib/thumb/v8-m.main+fp/hard/libm.a
LOAD /opt/stm32cubeide/plugins/com.st.stm32cube.ide.mcu.externaltools.gnu-tools-for-stm32.13.3.rel1.linux64_1.0.0.202410170706/tools/bin/../lib/gcc/arm-none-eabi/13.3.1/thumb/v8-m.main+fp/hard/libgcc.a

.debug_info     0x00000000    0x10acd
 .debug_info    0x00000000     0x1bcb ./Core/Src/main.o
 .debug_info    0x00001bcb      0x103 ./Core/Src/secure_nsc.o
 .debug_info    0x00001cce     0x11c8 ./Core/Src/stm32u5xx_hal_msp.o
 .debug_info    0x00002e96      0x178 ./Core/Src/stm32u5xx_it.o
 .debug_info    0x0000300e      0xb84 ./Core/Src/system_stm32u5xx_s.o
 .debug_info    0x00003b92       0x30 ./Core/Startup/startup_stm32u585aiixq.o
 .debug_info    0x00003bc2     0x1275 ./Drivers/STM32U5xx_HAL_Driver/stm32u5xx_hal.o
 .debug_info    0x00004e37     0x1792 ./Drivers/STM32U5xx_HAL_Driver/stm32u5xx_hal_cortex.o
 .debug_info    0x000065c9      0x760 ./Drivers/STM32U5xx_HAL_Driver/stm32u5xx_hal_exti.o
 .debug_info    0x00006d29      0x962 ./Drivers/STM32U5xx_HAL_Driver/stm32u5xx_hal_gpio.o
 .debug_info    0x0000768b      0xc70 ./Drivers/STM32U5xx_HAL_Driver/stm32u5xx_hal_gtzc.o
 .debug_info    0x000082fb      0xe3e ./Drivers/STM32U5xx_HAL_Driver/stm32u5xx_hal_pwr_ex.o
 .debug_info    0x00009139     0x11f0 ./Drivers/STM32U5xx_HAL_Driver/stm32u5xx_hal_rcc.o
 .debug_info    0x0000a329     0x158b ./Drivers/STM32U5xx_HAL_Driver/stm32u5xx_hal_rcc_ex.o
 .debug_info    0x0000b8b4     0x4029 ./Drivers/STM32U5xx_HAL_Driver/stm32u5xx_hal_uart.o
 .debug_info    0x0000f8dd     0x11f0 ./Drivers/STM32U5xx_HAL_Driver/stm32u5xx_hal_uart_ex.o

.debug_abbrev   0x00000000     0x212f
 .debug_abbrev  0x00000000      0x398 ./Core/Src/main.o
 .debug_abbrev  0x00000398       0x9f ./Core/Src/secure_nsc.o
 .debug_abbrev  0x00000437      0x1f5 ./Core/Src/stm32u5xx_hal_msp.o
 .debug_abbrev  0x0000062c       0xa1 ./Core/Src/stm32u5xx_it.o
 .debug_abbrev  0x000006cd      0x186 ./Core/Src/system_stm32u5xx_s.o
 .debug_abbrev  0x00000853       0x24 ./Core/Startup/startup_stm32u585aiixq.o
 .debug_abbrev  0x00000877      0x2b8 ./Drivers/STM32U5xx_HAL_Driver/stm32u5xx_hal.o
 .debug_abbrev  0x00000b2f      0x311 ./Drivers/STM32U5xx_HAL_Driver/stm32u5xx_hal_cortex.o
 .debug_abbrev  0x00000e40      0x1cc ./Drivers/STM32U5xx_HAL_Driver/stm32u5xx_hal_exti.o
 .debug_abbrev  0x0000100c      0x25a ./Drivers/STM32U5xx_HAL_Driver/stm32u5xx_hal_gpio.o
 .debug_abbrev  0x00001266      0x1d3 ./Drivers/STM32U5xx_HAL_Driver/stm32u5xx_hal_gtzc.o
 .debug_abbrev  0x00001439      0x215 ./Drivers/STM32U5xx_HAL_Driver/stm32u5xx_hal_pwr_ex.o
 .debug_abbrev  0x0000164e      0x2cb ./Drivers/STM32U5xx_HAL_Driver/stm32u5xx_hal_rcc.o
 .debug_abbrev  0x00001919      0x23d ./Drivers/STM32U5xx_HAL_Driver/stm32u5xx_hal_rcc_ex.o
 .debug_abbrev  0x00001b56      0x305 ./Drivers/STM32U5xx_HAL_Driver/stm32u5xx_hal_uart.o
 .debug_abbrev  0x00001e5b      0x2d4 ./Drivers/STM32U5xx_HAL_Driver/stm32u5xx_hal_uart_ex.o

.debug_aranges  0x00000000      0xd28
 .debug_aranges
                0x00000000       0x78 ./Core/Src/main.o
 .debug_aranges
                0x00000078       0x20 ./Core/Src/secure_nsc.o
 .debug_aranges
                0x00000098       0x30 ./Core/Src/stm32u5xx_hal_msp.o
 .debug_aranges
                0x000000c8       0x70 ./Core/Src/stm32u5xx_it.o
 .debug_aranges
                0x00000138       0x38 ./Core/Src/system_stm32u5xx_s.o
 .debug_aranges
                0x00000170       0x28 ./Core/Startup/startup_stm32u585aiixq.o
 .debug_aranges
                0x00000198      0x158 ./Drivers/STM32U5xx_HAL_Driver/stm32u5xx_hal.o
 .debug_aranges
                0x000002f0      0x170 ./Drivers/STM32U5xx_HAL_Driver/stm32u5xx_hal_cortex.o
 .debug_aranges
                0x00000460       0x80 ./Drivers/STM32U5xx_HAL_Driver/stm32u5xx_hal_exti.o
 .debug_aranges
                0x000004e0       0x88 ./Drivers/STM32U5xx_HAL_Driver/stm32u5xx_hal_gpio.o
 .debug_aranges
                0x00000568       0xb8 ./Drivers/STM32U5xx_HAL_Driver/stm32u5xx_hal_gtzc.o
 .debug_aranges
                0x00000620      0x200 ./Drivers/STM32U5xx_HAL_Driver/stm32u5xx_hal_pwr_ex.o
 .debug_aranges
                0x00000820       0xa8 ./Drivers/STM32U5xx_HAL_Driver/stm32u5xx_hal_rcc.o
 .debug_aranges
                0x000008c8      0x160 ./Drivers/STM32U5xx_HAL_Driver/stm32u5xx_hal_rcc_ex.o
 .debug_aranges
                0x00000a28      0x248 ./Drivers/STM32U5xx_HAL_Driver/stm32u5xx_hal_uart.o
 .debug_aranges
                0x00000c70       0xb8 ./Drivers/STM32U5xx_HAL_Driver/stm32u5xx_hal_uart_ex.o

.debug_rnglists
                0x00000000      0xa2d
 .debug_rnglists
                0x00000000       0x5b ./Core/Src/main.o
 .debug_rnglists
                0x0000005b       0x14 ./Core/Src/secure_nsc.o
 .debug_rnglists
                0x0000006f       0x20 ./Core/Src/stm32u5xx_hal_msp.o
 .debug_rnglists
                0x0000008f       0x4f ./Core/Src/stm32u5xx_it.o
 .debug_rnglists
                0x000000de       0x28 ./Core/Src/system_stm32u5xx_s.o
 .debug_rnglists
                0x00000106       0x19 ./Core/Startup/startup_stm32u585aiixq.o
 .debug_rnglists
                0x0000011f       0xff ./Drivers/STM32U5xx_HAL_Driver/stm32u5xx_hal.o
 .debug_rnglists
                0x0000021e      0x110 ./Drivers/STM32U5xx_HAL_Driver/stm32u5xx_hal_cortex.o
 .debug_rnglists
                0x0000032e       0x61 ./Drivers/STM32U5xx_HAL_Driver/stm32u5xx_hal_exti.o
 .debug_rnglists
                0x0000038f       0x68 ./Drivers/STM32U5xx_HAL_Driver/stm32u5xx_hal_gpio.o
 .debug_rnglists
                0x000003f7       0x96 ./Drivers/STM32U5xx_HAL_Driver/stm32u5xx_hal_gtzc.o
 .debug_rnglists
                0x0000048d      0x186 ./Drivers/STM32U5xx_HAL_Driver/stm32u5xx_hal_pwr_ex.o
 .debug_rnglists
                0x00000613       0x80 ./Drivers/STM32U5xx_HAL_Driver/stm32u5xx_hal_rcc.o
 .debug_rnglists
                0x00000693      0x113 ./Drivers/STM32U5xx_HAL_Driver/stm32u5xx_hal_rcc_ex.o
 .debug_rnglists
                0x000007a6      0x1fb ./Drivers/STM32U5xx_HAL_Driver/stm32u5xx_hal_uart.o
 .debug_rnglists
                0x000009a1       0x8c ./Drivers/STM32U5xx_HAL_Driver/stm32u5xx_hal_uart_ex.o

.debug_macro    0x00000000    0x330b6
 .debug_macro   0x00000000      0x2a6 ./Core/Src/main.o
 .debug_macro   0x000002a6      0xade ./Core/Src/main.o
 .debug_macro   0x00000d84       0x16 ./Core/Src/main.o
 .debug_macro   0x00000d9a      0x201 ./Core/Src/main.o
 .debug_macro   0x00000f9b      0x190 ./Core/Src/main.o
 .debug_macro   0x0000112b       0x63 ./Core/Src/main.o
 .debug_macro   0x0000118e       0x2e ./Core/Src/main.o
 .debug_macro   0x000011bc       0x42 ./Core/Src/main.o
 .debug_macro   0x000011fe       0x22 ./Core/Src/main.o
 .debug_macro   0x00001220       0x8e ./Core/Src/main.o
 .debug_macro   0x000012ae       0x51 ./Core/Src/main.o
 .debug_macro   0x000012ff      0x103 ./Core/Src/main.o
 .debug_macro   0x00001402       0x6a ./Core/Src/main.o
 .debug_macro   0x0000146c      0x1df ./Core/Src/main.o
 .debug_macro   0x0000164b       0x1c ./Core/Src/main.o
 .debug_macro   0x00001667       0x29 ./Core/Src/main.o
 .debug_macro   0x00001690      0x110 ./Core/Src/main.o
 .debug_macro   0x000017a0     0x17f1 ./Core/Src/main.o
 .debug_macro   0x00002f91       0x5e ./Core/Src/main.o
 .debug_macro   0x00002fef    0x23d08 ./Core/Src/main.o
 .debug_macro   0x00026cf7       0x6d ./Core/Src/main.o
 .debug_macro   0x00026d64     0x393e ./Core/Src/main.o
 .debug_macro   0x0002a6a2       0x61 ./Core/Src/main.o
 .debug_macro   0x0002a703       0x2a ./Core/Src/main.o
 .debug_macro   0x0002a72d       0x43 ./Core/Src/main.o
 .debug_macro   0x0002a770       0x34 ./Core/Src/main.o
 .debug_macro   0x0002a7a4      0x370 ./Core/Src/main.o
 .debug_macro   0x0002ab14       0x16 ./Core/Src/main.o
 .debug_macro   0x0002ab2a       0x4a ./Core/Src/main.o
 .debug_macro   0x0002ab74       0x34 ./Core/Src/main.o
 .debug_macro   0x0002aba8       0x10 ./Core/Src/main.o
 .debug_macro   0x0002abb8       0x58 ./Core/Src/main.o
 .debug_macro   0x0002ac10       0x8e ./Core/Src/main.o
 .debug_macro   0x0002ac9e       0x1c ./Core/Src/main.o
 .debug_macro   0x0002acba      0x185 ./Core/Src/main.o
 .debug_macro   0x0002ae3f      0x19b ./Core/Src/main.o
 .debug_macro   0x0002afda       0x5d ./Core/Src/main.o
 .debug_macro   0x0002b037     0x1c0b ./Core/Src/main.o
 .debug_macro   0x0002cc42      0x7ff ./Core/Src/main.o
 .debug_macro   0x0002d441      0x17b ./Core/Src/main.o
 .debug_macro   0x0002d5bc      0x2aa ./Core/Src/main.o
 .debug_macro   0x0002d866       0xc9 ./Core/Src/main.o
 .debug_macro   0x0002d92f      0x420 ./Core/Src/main.o
 .debug_macro   0x0002dd4f      0x5a5 ./Core/Src/main.o
 .debug_macro   0x0002e2f4      0x439 ./Core/Src/main.o
 .debug_macro   0x0002e72d       0xdd ./Core/Src/main.o
 .debug_macro   0x0002e80a      0x1d4 ./Core/Src/main.o
 .debug_macro   0x0002e9de      0x4b7 ./Core/Src/main.o
 .debug_macro   0x0002ee95       0xa8 ./Core/Src/main.o
 .debug_macro   0x0002ef3d      0x131 ./Core/Src/main.o
 .debug_macro   0x0002f06e      0x525 ./Core/Src/main.o
 .debug_macro   0x0002f593      0x4bf ./Core/Src/main.o
 .debug_macro   0x0002fa52      0x677 ./Core/Src/main.o
 .debug_macro   0x000300c9      0x1a1 ./Core/Src/main.o
 .debug_macro   0x0003026a      0x1ce ./Core/Src/main.o
 .debug_macro   0x00030438      0x3ae ./Core/Src/main.o
 .debug_macro   0x000307e6       0x1c ./Core/Src/main.o
 .debug_macro   0x00030802      0x298 ./Core/Src/secure_nsc.o
 .debug_macro   0x00030a9a      0x28e ./Core/Src/stm32u5xx_hal_msp.o
 .debug_macro   0x00030d28      0x298 ./Core/Src/stm32u5xx_it.o
 .debug_macro   0x00030fc0      0x2a0 ./Core/Src/system_stm32u5xx_s.o
 .debug_macro   0x00031260      0x17f ./Core/Src/system_stm32u5xx_s.o
 .debug_macro   0x000313df      0x2a4 ./Drivers/STM32U5xx_HAL_Driver/stm32u5xx_hal.o
 .debug_macro   0x00031683      0x280 ./Drivers/STM32U5xx_HAL_Driver/stm32u5xx_hal_cortex.o
 .debug_macro   0x00031903      0x298 ./Drivers/STM32U5xx_HAL_Driver/stm32u5xx_hal_exti.o
 .debug_macro   0x00031b9b      0x2b5 ./Drivers/STM32U5xx_HAL_Driver/stm32u5xx_hal_gpio.o
 .debug_macro   0x00031e50      0x34d ./Drivers/STM32U5xx_HAL_Driver/stm32u5xx_hal_gtzc.o
 .debug_macro   0x0003219d      0x2ab ./Drivers/STM32U5xx_HAL_Driver/stm32u5xx_hal_pwr_ex.o
 .debug_macro   0x00032448      0x386 ./Drivers/STM32U5xx_HAL_Driver/stm32u5xx_hal_rcc.o
 .debug_macro   0x000327ce      0x3b1 ./Drivers/STM32U5xx_HAL_Driver/stm32u5xx_hal_rcc_ex.o
 .debug_macro   0x00032b7f      0x2ab ./Drivers/STM32U5xx_HAL_Driver/stm32u5xx_hal_uart.o
 .debug_macro   0x00032e2a      0x28c ./Drivers/STM32U5xx_HAL_Driver/stm32u5xx_hal_uart_ex.o

.debug_line     0x00000000    0x109d3
 .debug_line    0x00000000      0xa70 ./Core/Src/main.o
 .debug_line    0x00000a70      0x7c8 ./Core/Src/secure_nsc.o
 .debug_line    0x00001238      0x7fb ./Core/Src/stm32u5xx_hal_msp.o
 .debug_line    0x00001a33      0x875 ./Core/Src/stm32u5xx_it.o
 .debug_line    0x000022a8      0x94a ./Core/Src/system_stm32u5xx_s.o
 .debug_line    0x00002bf2       0x79 ./Core/Startup/startup_stm32u585aiixq.o
 .debug_line    0x00002c6b      0xcd6 ./Drivers/STM32U5xx_HAL_Driver/stm32u5xx_hal.o
 .debug_line    0x00003941      0xf16 ./Drivers/STM32U5xx_HAL_Driver/stm32u5xx_hal_cortex.o
 .debug_line    0x00004857      0xc6c ./Drivers/STM32U5xx_HAL_Driver/stm32u5xx_hal_exti.o
 .debug_line    0x000054c3      0xe10 ./Drivers/STM32U5xx_HAL_Driver/stm32u5xx_hal_gpio.o
 .debug_line    0x000062d3     0x1a4b ./Drivers/STM32U5xx_HAL_Driver/stm32u5xx_hal_gtzc.o
 .debug_line    0x00007d1e     0x1156 ./Drivers/STM32U5xx_HAL_Driver/stm32u5xx_hal_pwr_ex.o
 .debug_line    0x00008e74     0x1683 ./Drivers/STM32U5xx_HAL_Driver/stm32u5xx_hal_rcc.o
 .debug_line    0x0000a4f7     0x22bf ./Drivers/STM32U5xx_HAL_Driver/stm32u5xx_hal_rcc_ex.o
 .debug_line    0x0000c7b6     0x3413 ./Drivers/STM32U5xx_HAL_Driver/stm32u5xx_hal_uart.o
 .debug_line    0x0000fbc9      0xe0a ./Drivers/STM32U5xx_HAL_Driver/stm32u5xx_hal_uart_ex.o

.debug_str      0x00000000   0x13fb07
 .debug_str     0x00000000   0x13fb07 ./Core/Src/main.o
                             0x138d8e (size before relaxing)
 .debug_str     0x0013fb07   0x137738 ./Core/Src/secure_nsc.o
 .debug_str     0x0013fb07   0x13837e ./Core/Src/stm32u5xx_hal_msp.o
 .debug_str     0x0013fb07   0x1377b3 ./Core/Src/stm32u5xx_it.o
 .debug_str     0x0013fb07   0x138071 ./Core/Src/system_stm32u5xx_s.o
 .debug_str     0x0013fb07       0x83 ./Core/Startup/startup_stm32u585aiixq.o
 .debug_str     0x0013fb07   0x1388f9 ./Drivers/STM32U5xx_HAL_Driver/stm32u5xx_hal.o
 .debug_str     0x0013fb07   0x138717 ./Drivers/STM32U5xx_HAL_Driver/stm32u5xx_hal_cortex.o
 .debug_str     0x0013fb07   0x1379b7 ./Drivers/STM32U5xx_HAL_Driver/stm32u5xx_hal_exti.o
 .debug_str     0x0013fb07   0x137a8b ./Drivers/STM32U5xx_HAL_Driver/stm32u5xx_hal_gpio.o
 .debug_str     0x0013fb07   0x138322 ./Drivers/STM32U5xx_HAL_Driver/stm32u5xx_hal_gtzc.o
 .debug_str     0x0013fb07   0x13814c ./Drivers/STM32U5xx_HAL_Driver/stm32u5xx_hal_pwr_ex.o
 .debug_str     0x0013fb07   0x139146 ./Drivers/STM32U5xx_HAL_Driver/stm32u5xx_hal_rcc.o
 .debug_str     0x0013fb07   0x13a3f4 ./Drivers/STM32U5xx_HAL_Driver/stm32u5xx_hal_rcc_ex.o
 .debug_str     0x0013fb07   0x1386d3 ./Drivers/STM32U5xx_HAL_Driver/stm32u5xx_hal_uart.o
 .debug_str     0x0013fb07   0x138185 ./Drivers/STM32U5xx_HAL_Driver/stm32u5xx_hal_uart_ex.o

.comment        0x00000000       0x43
 .comment       0x00000000       0x43 ./Core/Src/main.o
                                 0x44 (size before relaxing)
 .comment       0x00000043       0x44 ./Core/Src/secure_nsc.o
 .comment       0x00000043       0x44 ./Core/Src/stm32u5xx_hal_msp.o
 .comment       0x00000043       0x44 ./Core/Src/stm32u5xx_it.o
 .comment       0x00000043       0x44 ./Core/Src/system_stm32u5xx_s.o
 .comment       0x00000043       0x44 ./Drivers/STM32U5xx_HAL_Driver/stm32u5xx_hal.o
 .comment       0x00000043       0x44 ./Drivers/STM32U5xx_HAL_Driver/stm32u5xx_hal_cortex.o
 .comment       0x00000043       0x44 ./Drivers/STM32U5xx_HAL_Driver/stm32u5xx_hal_exti.o
 .comment       0x00000043       0x44 ./Drivers/STM32U5xx_HAL_Driver/stm32u5xx_hal_gpio.o
 .comment       0x00000043       0x44 ./Drivers/STM32U5xx_HAL_Driver/stm32u5xx_hal_gtzc.o
 .comment       0x00000043       0x44 ./Drivers/STM32U5xx_HAL_Driver/stm32u5xx_hal_pwr_ex.o
 .comment       0x00000043       0x44 ./Drivers/STM32U5xx_HAL_Driver/stm32u5xx_hal_rcc.o
 .comment       0x00000043       0x44 ./Drivers/STM32U5xx_HAL_Driver/stm32u5xx_hal_rcc_ex.o
 .comment       0x00000043       0x44 ./Drivers/STM32U5xx_HAL_Driver/stm32u5xx_hal_uart.o
 .comment       0x00000043       0x44 ./Drivers/STM32U5xx_HAL_Driver/stm32u5xx_hal_uart_ex.o

.debug_frame    0x00000000     0x3648
 .debug_frame   0x00000000      0x1b0 ./Core/Src/main.o
 .debug_frame   0x000001b0       0x38 ./Core/Src/secure_nsc.o
 .debug_frame   0x000001e8       0x84 ./Core/Src/stm32u5xx_hal_msp.o
 .debug_frame   0x0000026c      0x138 ./Core/Src/stm32u5xx_it.o
 .debug_frame   0x000003a4       0x98 ./Core/Src/system_stm32u5xx_s.o
 .debug_frame   0x0000043c      0x550 ./Drivers/STM32U5xx_HAL_Driver/stm32u5xx_hal.o
 .debug_frame   0x0000098c      0x640 ./Drivers/STM32U5xx_HAL_Driver/stm32u5xx_hal_cortex.o
 .debug_frame   0x00000fcc      0x204 ./Drivers/STM32U5xx_HAL_Driver/stm32u5xx_hal_exti.o
 .debug_frame   0x000011d0      0x23c ./Drivers/STM32U5xx_HAL_Driver/stm32u5xx_hal_gpio.o
 .debug_frame   0x0000140c      0x32c ./Drivers/STM32U5xx_HAL_Driver/stm32u5xx_hal_gtzc.o
 .debug_frame   0x00001738      0x84c ./Drivers/STM32U5xx_HAL_Driver/stm32u5xx_hal_pwr_ex.o
 .debug_frame   0x00001f84      0x288 ./Drivers/STM32U5xx_HAL_Driver/stm32u5xx_hal_rcc.o
 .debug_frame   0x0000220c      0x5f4 ./Drivers/STM32U5xx_HAL_Driver/stm32u5xx_hal_rcc_ex.o
 .debug_frame   0x00002800      0xa84 ./Drivers/STM32U5xx_HAL_Driver/stm32u5xx_hal_uart.o
 .debug_frame   0x00003284      0x314 ./Drivers/STM32U5xx_HAL_Driver/stm32u5xx_hal_uart_ex.o
 .debug_frame   0x00003598       0x20 /opt/stm32cubeide/plugins/com.st.stm32cube.ide.mcu.externaltools.gnu-tools-for-stm32.13.3.rel1.linux64_1.0.0.202410170706/tools/bin/../lib/gcc/arm-none-eabi/13.3.1/../../../../arm-none-eabi/lib/thumb/v8-m.main+fp/hard/libc_nano.a(libc_a-memset.o)
 .debug_frame   0x000035b8       0x2c /opt/stm32cubeide/plugins/com.st.stm32cube.ide.mcu.externaltools.gnu-tools-for-stm32.13.3.rel1.linux64_1.0.0.202410170706/tools/bin/../lib/gcc/arm-none-eabi/13.3.1/../../../../arm-none-eabi/lib/thumb/v8-m.main+fp/hard/libc_nano.a(libc_a-init.o)
 .debug_frame   0x000035e4       0x2c /opt/stm32cubeide/plugins/com.st.stm32cube.ide.mcu.externaltools.gnu-tools-for-stm32.13.3.rel1.linux64_1.0.0.202410170706/tools/bin/../lib/gcc/arm-none-eabi/13.3.1/thumb/v8-m.main+fp/hard/libgcc.a(_aeabi_uldivmod.o)
 .debug_frame   0x00003610       0x38 /opt/stm32cubeide/plugins/com.st.stm32cube.ide.mcu.externaltools.gnu-tools-for-stm32.13.3.rel1.linux64_1.0.0.202410170706/tools/bin/../lib/gcc/arm-none-eabi/13.3.1/thumb/v8-m.main+fp/hard/libgcc.a(_udivmoddi4.o)

.debug_line_str
                0x00000000       0x67
 .debug_line_str
                0x00000000       0x67 ./Core/Startup/startup_stm32u585aiixq.o
