Archive member included to satisfy reference by file (symbol)

/opt/stm32cubeide/plugins/com.st.stm32cube.ide.mcu.externaltools.gnu-tools-for-stm32.13.3.rel1.linux64_1.0.0.202410170706/tools/bin/../lib/gcc/arm-none-eabi/13.3.1/../../../../arm-none-eabi/lib/thumb/v8-m.main+fp/hard/libc_nano.a(libc_a-exit.o)
                              /opt/stm32cubeide/plugins/com.st.stm32cube.ide.mcu.externaltools.gnu-tools-for-stm32.13.3.rel1.linux64_1.0.0.202410170706/tools/bin/../lib/gcc/arm-none-eabi/13.3.1/../../../../arm-none-eabi/lib/thumb/v8-m.main+fp/hard/crt0.o (exit)
/opt/stm32cubeide/plugins/com.st.stm32cube.ide.mcu.externaltools.gnu-tools-for-stm32.13.3.rel1.linux64_1.0.0.202410170706/tools/bin/../lib/gcc/arm-none-eabi/13.3.1/../../../../arm-none-eabi/lib/thumb/v8-m.main+fp/hard/libc_nano.a(libc_a-findfp.o)
                              /opt/stm32cubeide/plugins/com.st.stm32cube.ide.mcu.externaltools.gnu-tools-for-stm32.13.3.rel1.linux64_1.0.0.202410170706/tools/bin/../lib/gcc/arm-none-eabi/13.3.1/../../../../arm-none-eabi/lib/thumb/v8-m.main+fp/hard/libc_nano.a(libc_a-exit.o) (__stdio_exit_handler)
/opt/stm32cubeide/plugins/com.st.stm32cube.ide.mcu.externaltools.gnu-tools-for-stm32.13.3.rel1.linux64_1.0.0.202410170706/tools/bin/../lib/gcc/arm-none-eabi/13.3.1/../../../../arm-none-eabi/lib/thumb/v8-m.main+fp/hard/libc_nano.a(libc_a-fwalk.o)
                              /opt/stm32cubeide/plugins/com.st.stm32cube.ide.mcu.externaltools.gnu-tools-for-stm32.13.3.rel1.linux64_1.0.0.202410170706/tools/bin/../lib/gcc/arm-none-eabi/13.3.1/../../../../arm-none-eabi/lib/thumb/v8-m.main+fp/hard/libc_nano.a(libc_a-findfp.o) (_fwalk_sglue)
/opt/stm32cubeide/plugins/com.st.stm32cube.ide.mcu.externaltools.gnu-tools-for-stm32.13.3.rel1.linux64_1.0.0.202410170706/tools/bin/../lib/gcc/arm-none-eabi/13.3.1/../../../../arm-none-eabi/lib/thumb/v8-m.main+fp/hard/libc_nano.a(libc_a-stdio.o)
                              /opt/stm32cubeide/plugins/com.st.stm32cube.ide.mcu.externaltools.gnu-tools-for-stm32.13.3.rel1.linux64_1.0.0.202410170706/tools/bin/../lib/gcc/arm-none-eabi/13.3.1/../../../../arm-none-eabi/lib/thumb/v8-m.main+fp/hard/libc_nano.a(libc_a-findfp.o) (__sread)
/opt/stm32cubeide/plugins/com.st.stm32cube.ide.mcu.externaltools.gnu-tools-for-stm32.13.3.rel1.linux64_1.0.0.202410170706/tools/bin/../lib/gcc/arm-none-eabi/13.3.1/../../../../arm-none-eabi/lib/thumb/v8-m.main+fp/hard/libc_nano.a(libc_a-memset.o)
                              /opt/stm32cubeide/plugins/com.st.stm32cube.ide.mcu.externaltools.gnu-tools-for-stm32.13.3.rel1.linux64_1.0.0.202410170706/tools/bin/../lib/gcc/arm-none-eabi/13.3.1/../../../../arm-none-eabi/lib/thumb/v8-m.main+fp/hard/crt0.o (memset)
/opt/stm32cubeide/plugins/com.st.stm32cube.ide.mcu.externaltools.gnu-tools-for-stm32.13.3.rel1.linux64_1.0.0.202410170706/tools/bin/../lib/gcc/arm-none-eabi/13.3.1/../../../../arm-none-eabi/lib/thumb/v8-m.main+fp/hard/libc_nano.a(libc_a-closer.o)
                              /opt/stm32cubeide/plugins/com.st.stm32cube.ide.mcu.externaltools.gnu-tools-for-stm32.13.3.rel1.linux64_1.0.0.202410170706/tools/bin/../lib/gcc/arm-none-eabi/13.3.1/../../../../arm-none-eabi/lib/thumb/v8-m.main+fp/hard/libc_nano.a(libc_a-stdio.o) (_close_r)
/opt/stm32cubeide/plugins/com.st.stm32cube.ide.mcu.externaltools.gnu-tools-for-stm32.13.3.rel1.linux64_1.0.0.202410170706/tools/bin/../lib/gcc/arm-none-eabi/13.3.1/../../../../arm-none-eabi/lib/thumb/v8-m.main+fp/hard/libc_nano.a(libc_a-reent.o)
                              /opt/stm32cubeide/plugins/com.st.stm32cube.ide.mcu.externaltools.gnu-tools-for-stm32.13.3.rel1.linux64_1.0.0.202410170706/tools/bin/../lib/gcc/arm-none-eabi/13.3.1/../../../../arm-none-eabi/lib/thumb/v8-m.main+fp/hard/libc_nano.a(libc_a-closer.o) (errno)
/opt/stm32cubeide/plugins/com.st.stm32cube.ide.mcu.externaltools.gnu-tools-for-stm32.13.3.rel1.linux64_1.0.0.202410170706/tools/bin/../lib/gcc/arm-none-eabi/13.3.1/../../../../arm-none-eabi/lib/thumb/v8-m.main+fp/hard/libc_nano.a(libc_a-impure.o)
                              /opt/stm32cubeide/plugins/com.st.stm32cube.ide.mcu.externaltools.gnu-tools-for-stm32.13.3.rel1.linux64_1.0.0.202410170706/tools/bin/../lib/gcc/arm-none-eabi/13.3.1/../../../../arm-none-eabi/lib/thumb/v8-m.main+fp/hard/libc_nano.a(libc_a-reent.o) (_impure_ptr)
/opt/stm32cubeide/plugins/com.st.stm32cube.ide.mcu.externaltools.gnu-tools-for-stm32.13.3.rel1.linux64_1.0.0.202410170706/tools/bin/../lib/gcc/arm-none-eabi/13.3.1/../../../../arm-none-eabi/lib/thumb/v8-m.main+fp/hard/libc_nano.a(libc_a-lseekr.o)
                              /opt/stm32cubeide/plugins/com.st.stm32cube.ide.mcu.externaltools.gnu-tools-for-stm32.13.3.rel1.linux64_1.0.0.202410170706/tools/bin/../lib/gcc/arm-none-eabi/13.3.1/../../../../arm-none-eabi/lib/thumb/v8-m.main+fp/hard/libc_nano.a(libc_a-stdio.o) (_lseek_r)
[...]
Memory Configuration

Name             Origin             Length             Attributes
RAM              0x20040000         0x00080000         xrw
SRAM4            0x28000000         0x00004000         xrw
FLASH            0x08100000         0x00100000         xr
*default*        0x00000000         0xffffffff

Linker script and memory map

LOAD /opt/stm32cubeide/plugins/com.st.stm32cube.ide.mcu.externaltools.gnu-tools-for-stm32.13.3.rel1.linux64_1.0.0.202410170706/tools/bin/../lib/gcc/arm-none-eabi/13.3.1/thumb/v8-m.main+fp/hard/crti.o
LOAD /opt/stm32cubeide/plugins/com.st.stm32cube.ide.mcu.externaltools.gnu-tools-for-stm32.13.3.rel1.linux64_1.0.0.202410170706/tools/bin/../lib/gcc/arm-none-eabi/13.3.1/thumb/v8-m.main+fp/hard/crtbegin.o
LOAD /opt/stm32cubeide/plugins/com.st.stm32cube.ide.mcu.externaltools.gnu-tools-for-stm32.13.3.rel1.linux64_1.0.0.202410170706/tools/bin/../lib/gcc/arm-none-eabi/13.3.1/../../../../arm-none-eabi/lib/thumb/v8-m.main+fp/hard/crt0.o
LOAD ./Core/Src/main.o
LOAD ./Core/Src/stm32u5xx_hal_msp.o
LOAD ./Core/Src/stm32u5xx_it.o
LOAD ./Core/Src/syscalls.o
LOAD ./Core/Src/sysmem.o
LOAD ./Core/Src/system_stm32u5xx_ns.o
LOAD ./Core/Startup/startup_stm32u585aiixq.o
LOAD ./Drivers/STM32U5xx_HAL_Driver/stm32u5xx_hal.o
LOAD ./Drivers/STM32U5xx_HAL_Driver/stm32u5xx_hal_cortex.o
LOAD ./Drivers/STM32U5xx_HAL_Driver/stm32u5xx_hal_dma.o
LOAD ./Drivers/STM32U5xx_HAL_Driver/stm32u5xx_hal_dma_ex.o
LOAD ./Drivers/STM32U5xx_HAL_Driver/stm32u5xx_hal_exti.o
LOAD ./Drivers/STM32U5xx_HAL_Driver/stm32u5xx_hal_flash.o
LOAD ./Drivers/STM32U5xx_HAL_Driver/stm32u5xx_hal_flash_ex.o
LOAD ./Drivers/STM32U5xx_HAL_Driver/stm32u5xx_hal_gpio.o
LOAD ./Drivers/STM32U5xx_HAL_Driver/stm32u5xx_hal_gtzc.o
LOAD ./Drivers/STM32U5xx_HAL_Driver/stm32u5xx_hal_i2c.o
LOAD ./Drivers/STM32U5xx_HAL_Driver/stm32u5xx_hal_i2c_ex.o
LOAD ./Drivers/STM32U5xx_HAL_Driver/stm32u5xx_hal_icache.o
LOAD ./Drivers/STM32U5xx_HAL_Driver/stm32u5xx_hal_pwr.o
LOAD ./Drivers/STM32U5xx_HAL_Driver/stm32u5xx_hal_pwr_ex.o
LOAD ./Drivers/STM32U5xx_HAL_Driver/stm32u5xx_hal_rcc.o
LOAD ./Drivers/STM32U5xx_HAL_Driver/stm32u5xx_hal_rcc_ex.o
LOAD /home/sakhmatd/Code/TrustBust/trustbust_firmware/Secure/Debug/secure_nsclib.o
START GROUP
LOAD /opt/stm32cubeide/plugins/com.st.stm32cube.ide.mcu.externaltools.gnu-tools-for-stm32.13.3.rel1.linux64_1.0.0.202410170706/tools/bin/../lib/gcc/arm-none-eabi/13.3.1/../../../../arm-none-eabi/lib/thumb/v8-m.main+fp/hard/libc_nano.a
LOAD /opt/stm32cubeide/plugins/com.st.stm32cube.ide.mcu.externaltools.gnu-tools-for-stm32.13.3.rel1.linux64_1.0.0.202410170706/tools/bin/../lib/gcc/arm-none-eabi/13.3.1/../../../../arm-none-eabi/lib/thumb/v8-m.main+fp/hard/libm.a
END GROUP
START GROUP
LOAD /opt/stm32cubeide/plugins/com.st.stm32cube.ide.mcu.externaltools.gnu-tools-for-stm32.13.3.rel1.linux64_1.0.0.202410170706/tools/bin/../lib/gcc/arm-none-eabi/13.3.1/thumb/v8-m.main+fp/hard/libgcc.a
LOAD /opt/stm32cubeide/plugins/com.st.stm32cube.ide.mcu.externaltools.gnu-tools-for-stm32.13.3.rel1.linux64_1.0.0.202410170706/tools/bin/../lib/gcc/arm-none-eabi/13.3.1/../../../../arm-none-eabi/lib/thumb/v8-m.main+fp/hard/libc_nano.a
END GROUP
START GROUP
LOAD /opt/stm32cubeide/plugins/com.st.stm32cube.ide.mcu.externaltools.gnu-tools-for-stm32.13.3.rel1.linux64_1.0.0.202410170706/tools/bin/../lib/gcc/arm-none-eabi/13.3.1/thumb/v8-m.main+fp/hard/libgcc.a
LOAD /opt/stm32cubeide/plugins/com.st.stm32cube.ide.mcu.externaltools.gnu-tools-for-stm32.13.3.rel1.linux64_1.0.0.202410170706/tools/bin/../lib/gcc/arm-none-eabi/13.3.1/../../../../arm-none-eabi/lib/thumb/v8-m.main+fp/hard/libc_nano.a
LOAD /opt/stm32cubeide/plugins/com.st.stm32cube.ide.mcu.externaltools.gnu-tools-for-stm32.13.3.rel1.linux64_1.0.0.202410170706/tools/bin/../lib/gcc/arm-none-eabi/13.3.1/../../../../arm-none-eabi/lib/thumb/v8-m.main+fp/hard/libnosys.a
END GROUP
START GROUP
LOAD /opt/stm32cubeide/plugins/com.st.stm32cube.ide.mcu.externaltools.gnu-tools-for-stm32.13.3.rel1.linux64_1.0.0.202410170706/tools/bin/../lib/gcc/arm-none-eabi/13.3.1/thumb/v8-m.main+fp/hard/libgcc.a
LOAD /opt/stm32cubeide/plugins/com.st.stm32cube.ide.mcu.externaltools.gnu-tools-for-stm32.13.3.rel1.linux64_1.0.0.202410170706/tools/bin/../lib/gcc/arm-none-eabi/13.3.1/../../../../arm-none-eabi/lib/thumb/v8-m.main+fp/hard/libc_nano.a
LOAD /opt/stm32cubeide/plugins/com.st.stm32cube.ide.mcu.externaltools.gnu-tools-for-stm32.13.3.rel1.linux64_1.0.0.202410170706/tools/bin/../lib/gcc/arm-none-eabi/13.3.1/../../../../arm-none-eabi/lib/thumb/v8-m.main+fp/hard/libnosys.a
END GROUP
LOAD /opt/stm32cubeide/plugins/com.st.stm32cube.ide.mcu.externaltools.gnu-tools-for-stm32.13.3.rel1.linux64_1.0.0.202410170706/tools/bin/../lib/gcc/arm-none-eabi/13.3.1/thumb/v8-m.main+fp/hard/crtend.o
LOAD /opt/stm32cubeide/plugins/com.st.stm32cube.ide.mcu.externaltools.gnu-tools-for-stm32.13.3.rel1.linux64_1.0.0.202410170706/tools/bin/../lib/gcc/arm-none-eabi/13.3.1/thumb/v8-m.main+fp/hard/crtn.o
                0x200c0000                        _estack = (ORIGIN (RAM) + LENGTH (RAM))
                0x00000200                        _Min_Heap_Size = 0x200
                0x00000400                        _Min_Stack_Size = 0x400

.isr_vector     0x08100000      0x238
 *(.isr_vector)
 .isr_vector    0x08100000      0x238 ./Core/Startup/startup_stm32u585aiixq.o
                0x08100000                g_pfnVectors

.text           0x08100238      0x7c4
 *(.text)
 .text          0x08100238       0x40 /opt/stm32cubeide/plugins/com.st.stm32cube.ide.mcu.externaltools.gnu-tools-for-stm32.13.3.rel1.linux64_1.0.0.202410170706/tools/bin/../lib/gcc/arm-none-eabi/13.3.1/thumb/v8-m.main+fp/hard/crtbegin.o
 *(.text*)
 .text.main     0x08100278        0xc ./Core/Src/main.o
                0x08100278                main
 .text.HAL_MspInit
                0x08100284       0x34 ./Core/Src/stm32u5xx_hal_msp.o
                0x08100284                HAL_MspInit
 .text.MemManage_Handler
                0x081002b8        0x8 ./Core/Src/stm32u5xx_it.o
                0x081002b8                MemManage_Handler
 .text.UsageFault_Handler
                0x081002c0        0x8 ./Core/Src/stm32u5xx_it.o
                0x081002c0                UsageFault_Handler
 .text.SVC_Handler
                0x081002c8        0xe ./Core/Src/stm32u5xx_it.o
                0x081002c8                SVC_Handler
 .text.PendSV_Handler
                0x081002d6        0xe ./Core/Src/stm32u5xx_it.o
                0x081002d6                PendSV_Handler
 .text.SysTick_Handler
                0x081002e4        0xc ./Core/Src/stm32u5xx_it.o
                0x081002e4                SysTick_Handler
 .text.SystemInit
                0x081002f0        0xe ./Core/Src/system_stm32u5xx_ns.o
                0x081002f0                SystemInit
 *fill*         0x081002fe        0x2 
 .text.Reset_Handler
                0x08100300       0x50 ./Core/Startup/startup_stm32u585aiixq.o
                0x08100300                Reset_Handler
 .text.Default_Handler
                0x08100350        0x2 ./Core/Startup/startup_stm32u585aiixq.o
                0x08100350                EXTI2_IRQHandler
                0x08100350                TIM8_TRG_COM_IRQHandler
                0x08100350                TIM8_CC_IRQHandler
                0x08100350                EXTI5_IRQHandler
                0x08100350                DebugMon_Handler
                0x08100350                FLASH_S_IRQHandler
                0x08100350                EXTI13_IRQHandler
                0x08100350                TIM1_CC_IRQHandler
                0x08100350                TSC_IRQHandler
                0x08100350                HardFault_Handler
                0x08100350                TAMP_IRQHandler
                0x08100350                TIM6_IRQHandler
                0x08100350                EXTI12_IRQHandler
                0x08100350                CORDIC_IRQHandler
                0x08100350                NMI_Handler
                0x08100350                EXTI3_IRQHandler
                0x08100350                LPTIM4_IRQHandler
                0x08100350                GPDMA1_Channel5_IRQHandler
                0x08100350                EXTI8_IRQHandler
                0x08100350                LPTIM2_IRQHandler
                0x08100350                I2C3_ER_IRQHandler
                0x08100350                PWR_S3WU_IRQHandler
                0x08100350                MDF1_FLT2_IRQHandler
                0x08100350                LPDMA1_Channel3_IRQHandler
                0x08100350                LPTIM3_IRQHandler
                0x08100350                EXTI0_IRQHandler
                0x08100350                I2C2_EV_IRQHandler
                0x08100350                FPU_IRQHandler
                0x08100350                GPDMA1_Channel3_IRQHandler
                0x08100350                GPDMA1_Channel7_IRQHandler
                0x08100350                MDF1_FLT4_IRQHandler
                0x08100350                FDCAN1_IT1_IRQHandler
                0x08100350                RAMCFG_IRQHandler
                0x08100350                GPDMA1_Channel9_IRQHandler
                0x08100350                DCACHE1_IRQHandler
                0x08100350                SPI1_IRQHandler
                0x08100350                OCTOSPI1_IRQHandler
                0x08100350                GPDMA1_Channel2_IRQHandler
                0x08100350                TIM8_UP_IRQHandler
                0x08100350                RCC_S_IRQHandler
                0x08100350                OCTOSPI2_IRQHandler
                0x08100350                SAI2_IRQHandler
                0x08100350                MDF1_FLT1_IRQHandler
                0x08100350                ADC1_IRQHandler
                0x08100350                PKA_IRQHandler
                0x08100350                MDF1_FLT5_IRQHandler
                0x08100350                EXTI15_IRQHandler
                0x08100350                TIM17_IRQHandler
                0x08100350                USART3_IRQHandler
                0x08100350                RTC_IRQHandler
                0x08100350                EXTI9_IRQHandler
                0x08100350                UART5_IRQHandler
                0x08100350                TIM4_IRQHandler
                0x08100350                I2C1_EV_IRQHandler
                0x08100350                GPDMA1_Channel12_IRQHandler
                0x08100350                GPDMA1_Channel1_IRQHandler
                0x08100350                TIM16_IRQHandler
                0x08100350                GPDMA1_Channel15_IRQHandler
                0x08100350                UART4_IRQHandler
                0x08100350                SecureFault_Handler
                0x08100350                TIM3_IRQHandler
                0x08100350                RCC_IRQHandler
                0x08100350                TIM1_TRG_COM_IRQHandler
                0x08100350                Default_Handler
                0x08100350                GPDMA1_Channel8_IRQHandler
                0x08100350                FMAC_IRQHandler
                0x08100350                OTFDEC1_IRQHandler
                0x08100350                GPDMA1_Channel11_IRQHandler
                0x08100350                TIM7_IRQHandler
                0x08100350                SDMMC1_IRQHandler
                0x08100350                SAES_IRQHandler
                0x08100350                TIM5_IRQHandler
                0x08100350                UCPD1_IRQHandler
                0x08100350                GPDMA1_Channel0_IRQHandler
                0x08100350                TIM15_IRQHandler
                0x08100350                I2C3_EV_IRQHandler
                0x08100350                LPDMA1_Channel0_IRQHandler
                0x08100350                PVD_PVM_IRQHandler
                0x08100350                SPI2_IRQHandler
                0x08100350                LPDMA1_Channel1_IRQHandler
                0x08100350                EXTI14_IRQHandler
                0x08100350                EXTI11_IRQHandler
                0x08100350                OTFDEC2_IRQHandler
                0x08100350                CRS_IRQHandler
                0x08100350                GPDMA1_Channel14_IRQHandler
                0x08100350                LSECSSD_IRQHandler
                0x08100350                EXTI4_IRQHandler
                0x08100350                RTC_S_IRQHandler
                0x08100350                GPDMA1_Channel13_IRQHandler
                0x08100350                RNG_IRQHandler
                0x08100350                COMP_IRQHandler
                0x08100350                TIM1_UP_IRQHandler
                0x08100350                ADC4_IRQHandler
                0x08100350                WWDG_IRQHandler
                0x08100350                I2C4_EV_IRQHandler
                0x08100350                ADF1_IRQHandler
                0x08100350                IWDG_IRQHandler
                0x08100350                LPUART1_IRQHandler
                0x08100350                MDF1_FLT0_IRQHandler
                0x08100350                FDCAN1_IT0_IRQHandler
                0x08100350                TIM2_IRQHandler
                0x08100350                GPDMA1_Channel4_IRQHandler
                0x08100350                EXTI7_IRQHandler
                0x08100350                DMA2D_IRQHandler
                0x08100350                TIM1_BRK_IRQHandler
                0x08100350                EXTI1_IRQHandler
                0x08100350                SDMMC2_IRQHandler
                0x08100350                AES_IRQHandler
                0x08100350                DAC1_IRQHandler
                0x08100350                GTZC_IRQHandler
                0x08100350                MDF1_FLT3_IRQHandler
                0x08100350                USART2_IRQHandler
                0x08100350                GPDMA1_Channel6_IRQHandler
                0x08100350                I2C2_ER_IRQHandler
                0x08100350                TIM8_BRK_IRQHandler
                0x08100350                FLASH_IRQHandler
                0x08100350                BusFault_Handler
                0x08100350                USART1_IRQHandler
                0x08100350                EXTI10_IRQHandler
                0x08100350                OTG_FS_IRQHandler
                0x08100350                SPI3_IRQHandler
                0x08100350                LPDMA1_Channel2_IRQHandler
                0x08100350                I2C1_ER_IRQHandler
                0x08100350                FMC_IRQHandler
                0x08100350                EXTI6_IRQHandler
                0x08100350                LPTIM1_IRQHandler
                0x08100350                DCMI_PSSI_IRQHandler
                0x08100350                I2C4_ER_IRQHandler
                0x08100350                GPDMA1_Channel10_IRQHandler
                0x08100350                ICACHE_IRQHandler
                0x08100350                SAI1_IRQHandler
                0x08100350                HASH_IRQHandler
 *fill*         0x08100352        0x2 
 .text.HAL_Init
                0x08100354       0x60 ./Drivers/STM32U5xx_HAL_Driver/stm32u5xx_hal.o
                0x08100354                HAL_Init
 .text.HAL_InitTick
                0x081003b4       0xec ./Drivers/STM32U5xx_HAL_Driver/stm32u5xx_hal.o
                0x081003b4                HAL_InitTick
 .text.HAL_IncTick
                0x081004a0       0x28 ./Drivers/STM32U5xx_HAL_Driver/stm32u5xx_hal.o
                0x081004a0                HAL_IncTick
 .text.__NVIC_SetPriorityGrouping
                0x081004c8       0x48 ./Drivers/STM32U5xx_HAL_Driver/stm32u5xx_hal_cortex.o
 .text.__NVIC_GetPriorityGrouping
                0x08100510       0x1c ./Drivers/STM32U5xx_HAL_Driver/stm32u5xx_hal_cortex.o
 .text.__NVIC_SetPriority
                0x0810052c       0x54 ./Drivers/STM32U5xx_HAL_Driver/stm32u5xx_hal_cortex.o
 .text.NVIC_EncodePriority
                0x08100580       0x66 ./Drivers/STM32U5xx_HAL_Driver/stm32u5xx_hal_cortex.o
 .text.HAL_NVIC_SetPriorityGrouping
                0x081005e6       0x16 ./Drivers/STM32U5xx_HAL_Driver/stm32u5xx_hal_cortex.o
                0x081005e6                HAL_NVIC_SetPriorityGrouping
 .text.HAL_NVIC_SetPriority
                0x081005fc       0x34 ./Drivers/STM32U5xx_HAL_Driver/stm32u5xx_hal_cortex.o
                0x081005fc                HAL_NVIC_SetPriority
 .text.HAL_SYSTICK_Config
                0x08100630       0x44 ./Drivers/STM32U5xx_HAL_Driver/stm32u5xx_hal_cortex.o
                0x08100630                HAL_SYSTICK_Config
 .text.HAL_SYSTICK_CLKSourceConfig
                0x08100674       0xb0 ./Drivers/STM32U5xx_HAL_Driver/stm32u5xx_hal_cortex.o
                0x08100674                HAL_SYSTICK_CLKSourceConfig
 .text.HAL_SYSTICK_GetCLKSourceConfig
                0x08100724       0x74 ./Drivers/STM32U5xx_HAL_Driver/stm32u5xx_hal_cortex.o
                0x08100724                HAL_SYSTICK_GetCLKSourceConfig
 .text.HAL_RCC_GetSysClockFreq
                0x08100798      0x204 ./Drivers/STM32U5xx_HAL_Driver/stm32u5xx_hal_rcc.o
                0x08100798                HAL_RCC_GetSysClockFreq
 .text.__libc_init_array
                0x0810099c       0x48 /opt/stm32cubeide/plugins/com.st.stm32cube.ide.mcu.externaltools.gnu-tools-for-stm32.13.3.rel1.linux64_1.0.0.202410170706/tools/bin/../lib/gcc/arm-none-eabi/13.3.1/../../../../arm-none-eabi/lib/thumb/v8-m.main+fp/hard/libc_nano.a(libc_a-init.o)
                0x0810099c                __libc_init_array
 *(.glue_7)
 .glue_7        0x081009e4        0x0 linker stubs
 *(.glue_7t)
 .glue_7t       0x081009e4        0x0 linker stubs
 *(.eh_frame)
 .eh_frame      0x081009e4        0x0 /opt/stm32cubeide/plugins/com.st.stm32cube.ide.mcu.externaltools.gnu-tools-for-stm32.13.3.rel1.linux64_1.0.0.202410170706/tools/bin/../lib/gcc/arm-none-eabi/13.3.1/thumb/v8-m.main+fp/hard/crtbegin.o
 *(.init)
 .init          0x081009e4        0x4 /opt/stm32cubeide/plugins/com.st.stm32cube.ide.mcu.externaltools.gnu-tools-for-stm32.13.3.rel1.linux64_1.0.0.202410170706/tools/bin/../lib/gcc/arm-none-eabi/13.3.1/thumb/v8-m.main+fp/hard/crti.o
                0x081009e4                _init
 .init          0x081009e8        0x8 /opt/stm32cubeide/plugins/com.st.stm32cube.ide.mcu.externaltools.gnu-tools-for-stm32.13.3.rel1.linux64_1.0.0.202410170706/tools/bin/../lib/gcc/arm-none-eabi/13.3.1/thumb/v8-m.main+fp/hard/crtn.o
 *(.fini)
 .fini          0x081009f0        0x4 /opt/stm32cubeide/plugins/com.st.stm32cube.ide.mcu.externaltools.gnu-tools-for-stm32.13.3.rel1.linux64_1.0.0.202410170706/tools/bin/../lib/gcc/arm-none-eabi/13.3.1/thumb/v8-m.main+fp/hard/crti.o
                0x081009f0                _fini
 .fini          0x081009f4        0x8 /opt/stm32cubeide/plugins/com.st.stm32cube.ide.mcu.externaltools.gnu-tools-for-stm32.13.3.rel1.linux64_1.0.0.202410170706/tools/bin/../lib/gcc/arm-none-eabi/13.3.1/thumb/v8-m.main+fp/hard/crtn.o
                0x081009fc                        _etext = .

.vfp11_veneer   0x081009fc        0x0
 .vfp11_veneer  0x081009fc        0x0 linker stubs

.v4_bx          0x081009fc        0x0
 .v4_bx         0x081009fc        0x0 linker stubs

.iplt           0x081009fc        0x0
 .iplt          0x081009fc        0x0 /opt/stm32cubeide/plugins/com.st.stm32cube.ide.mcu.externaltools.gnu-tools-for-stm32.13.3.rel1.linux64_1.0.0.202410170706/tools/bin/../lib/gcc/arm-none-eabi/13.3.1/thumb/v8-m.main+fp/hard/crtbegin.o

.rodata         0x081009fc       0x50
 *(.rodata)
 *(.rodata*)
 .rodata.AHBPrescTable
                0x081009fc       0x10 ./Core/Src/system_stm32u5xx_ns.o
                0x081009fc                AHBPrescTable
 .rodata.MSIRangeTable
                0x08100a0c       0x40 ./Core/Src/system_stm32u5xx_ns.o
                0x08100a0c                MSIRangeTable

.ARM.extab
 *(.ARM.extab* .gnu.linkonce.armextab.*)

.ARM            0x08100a4c        0x0
                0x08100a4c                        __exidx_start = .
 *(.ARM.exidx*)
                0x08100a4c                        __exidx_end = .

.preinit_array  0x08100a4c        0x0
                0x08100a4c                        PROVIDE (__preinit_array_start = .)
 *(.preinit_array*)
                0x08100a4c                        PROVIDE (__preinit_array_end = .)

.init_array     0x08100a4c        0x4
                0x08100a4c                        PROVIDE (__init_array_start = .)
 *(SORT_BY_NAME(.init_array.*))
 *(.init_array*)
 .init_array    0x08100a4c        0x4 /opt/stm32cubeide/plugins/com.st.stm32cube.ide.mcu.externaltools.gnu-tools-for-stm32.13.3.rel1.linux64_1.0.0.202410170706/tools/bin/../lib/gcc/arm-none-eabi/13.3.1/thumb/v8-m.main+fp/hard/crtbegin.o
                0x08100a50                        PROVIDE (__init_array_end = .)

.fini_array     0x08100a50        0x4
                [!provide]                        PROVIDE (__fini_array_start = .)
 *(SORT_BY_NAME(.fini_array.*))
 *(.fini_array*)
 .fini_array    0x08100a50        0x4 /opt/stm32cubeide/plugins/com.st.stm32cube.ide.mcu.externaltools.gnu-tools-for-stm32.13.3.rel1.linux64_1.0.0.202410170706/tools/bin/../lib/gcc/arm-none-eabi/13.3.1/thumb/v8-m.main+fp/hard/crtbegin.o
                [!provide]                        PROVIDE (__fini_array_end = .)
                0x08100a54                        _sidata = LOADADDR (.data)

.rel.dyn        0x08100a54        0x0
 .rel.iplt      0x08100a54        0x0 /opt/stm32cubeide/plugins/com.st.stm32cube.ide.mcu.externaltools.gnu-tools-for-stm32.13.3.rel1.linux64_1.0.0.202410170706/tools/bin/../lib/gcc/arm-none-eabi/13.3.1/thumb/v8-m.main+fp/hard/crtbegin.o

.data           0x20040000        0x9 load address 0x08100a54
                0x20040000                        _sdata = .
 *(.data)
 *(.data*)
 .data.SystemCoreClock
                0x20040000        0x4 ./Core/Src/system_stm32u5xx_ns.o
                0x20040000                SystemCoreClock
 .data.uwTickPrio
                0x20040004        0x4 ./Drivers/STM32U5xx_HAL_Driver/stm32u5xx_hal.o
                0x20040004                uwTickPrio
 .data.uwTickFreq
                0x20040008        0x1 ./Drivers/STM32U5xx_HAL_Driver/stm32u5xx_hal.o
                0x20040008                uwTickFreq
 *(.RamFunc)
 *(.RamFunc*)
                0x20040009                        _edata = .

.igot.plt       0x2004000c        0x0 load address 0x08100a5d
 .igot.plt      0x2004000c        0x0 /opt/stm32cubeide/plugins/com.st.stm32cube.ide.mcu.externaltools.gnu-tools-for-stm32.13.3.rel1.linux64_1.0.0.202410170706/tools/bin/../lib/gcc/arm-none-eabi/13.3.1/thumb/v8-m.main+fp/hard/crtbegin.o

.bss            0x2004000c       0x20 load address 0x08100a5d
                0x2004000c                        _sbss = .
                0x2004000c                        __bss_start__ = _sbss
 *(.bss)
 .bss           0x2004000c       0x1c /opt/stm32cubeide/plugins/com.st.stm32cube.ide.mcu.externaltools.gnu-tools-for-stm32.13.3.rel1.linux64_1.0.0.202410170706/tools/bin/../lib/gcc/arm-none-eabi/13.3.1/thumb/v8-m.main+fp/hard/crtbegin.o
 *(.bss*)
 .bss.uwTick    0x20040028        0x4 ./Drivers/STM32U5xx_HAL_Driver/stm32u5xx_hal.o
                0x20040028                uwTick
 *(COMMON)
                0x2004002c                        _ebss = .
                0x2004002c                        __bss_end__ = _ebss

._user_heap_stack
                0x2004002c      0x604 load address 0x08100a5d
                0x20040030                        . = ALIGN (0x8)
 *fill*         0x2004002c        0x4 
                [!provide]                        PROVIDE (end = .)
                0x20040030                        PROVIDE (_end = .)
                0x20040230                        . = (. + _Min_Heap_Size)
 *fill*         0x20040030      0x200 
                0x20040630                        . = (. + _Min_Stack_Size)
 *fill*         0x20040230      0x400 
                0x20040630                        . = ALIGN (0x8)

/DISCARD/
 libc.a(*)
 libm.a(*)
 libgcc.a(*)

.ARM.attributes
                0x00000000       0x36
 *(.ARM.attributes)
 .ARM.attributes
                0x00000000       0x26 /opt/stm32cubeide/plugins/com.st.stm32cube.ide.mcu.externaltools.gnu-tools-for-stm32.13.3.rel1.linux64_1.0.0.202410170706/tools/bin/../lib/gcc/arm-none-eabi/13.3.1/thumb/v8-m.main+fp/hard/crti.o
 .ARM.attributes
                0x00000026       0x38 /opt/stm32cubeide/plugins/com.st.stm32cube.ide.mcu.externaltools.gnu-tools-for-stm32.13.3.rel1.linux64_1.0.0.202410170706/tools/bin/../lib/gcc/arm-none-eabi/13.3.1/thumb/v8-m.main+fp/hard/crtbegin.o
 .ARM.attributes
                0x0000005e       0x3a ./Core/Src/main.o
 .ARM.attributes
                0x00000098       0x3a ./Core/Src/stm32u5xx_hal_msp.o
 .ARM.attributes
                0x000000d2       0x3a ./Core/Src/stm32u5xx_it.o
 .ARM.attributes
                0x0000010c       0x3a ./Core/Src/system_stm32u5xx_ns.o
 .ARM.attributes
                0x00000146       0x24 ./Core/Startup/startup_stm32u585aiixq.o
 .ARM.attributes
                0x0000016a       0x3a ./Drivers/STM32U5xx_HAL_Driver/stm32u5xx_hal.o
 .ARM.attributes
                0x000001a4       0x3a ./Drivers/STM32U5xx_HAL_Driver/stm32u5xx_hal_cortex.o
 .ARM.attributes
                0x000001de       0x3a ./Drivers/STM32U5xx_HAL_Driver/stm32u5xx_hal_rcc.o
 .ARM.attributes
                0x00000218       0x38 /opt/stm32cubeide/plugins/com.st.stm32cube.ide.mcu.externaltools.gnu-tools-for-stm32.13.3.rel1.linux64_1.0.0.202410170706/tools/bin/../lib/gcc/arm-none-eabi/13.3.1/../../../../arm-none-eabi/lib/thumb/v8-m.main+fp/hard/libc_nano.a(libc_a-init.o)
 .ARM.attributes
                0x00000250       0x26 /opt/stm32cubeide/plugins/com.st.stm32cube.ide.mcu.externaltools.gnu-tools-for-stm32.13.3.rel1.linux64_1.0.0.202410170706/tools/bin/../lib/gcc/arm-none-eabi/13.3.1/thumb/v8-m.main+fp/hard/crtn.o
OUTPUT(trustbust_firmware_NonSecure.elf elf32-littlearm)
LOAD linker stubs
LOAD /opt/stm32cubeide/plugins/com.st.stm32cube.ide.mcu.externaltools.gnu-tools-for-stm32.13.3.rel1.linux64_1.0.0.202410170706/tools/bin/../lib/gcc/arm-none-eabi/13.3.1/../../../../arm-none-eabi/lib/thumb/v8-m.main+fp/hard/libc.a
LOAD /opt/stm32cubeide/plugins/com.st.stm32cube.ide.mcu.externaltools.gnu-tools-for-stm32.13.3.rel1.linux64_1.0.0.202410170706/tools/bin/../lib/gcc/arm-none-eabi/13.3.1/../../../../arm-none-eabi/lib/thumb/v8-m.main+fp/hard/libm.a
LOAD /opt/stm32cubeide/plugins/com.st.stm32cube.ide.mcu.externaltools.gnu-tools-for-stm32.13.3.rel1.linux64_1.0.0.202410170706/tools/bin/../lib/gcc/arm-none-eabi/13.3.1/thumb/v8-m.main+fp/hard/libgcc.a

.debug_info     0x00000000     0x4211
 .debug_info    0x00000000      0x114 ./Core/Src/main.o
 .debug_info    0x00000114      0x40c ./Core/Src/stm32u5xx_hal_msp.o
 .debug_info    0x00000520       0xe8 ./Core/Src/stm32u5xx_it.o
 .debug_info    0x00000608      0x196 ./Core/Src/system_stm32u5xx_ns.o
 .debug_info    0x0000079e       0x30 ./Core/Startup/startup_stm32u585aiixq.o
 .debug_info    0x000007ce     0x11fb ./Drivers/STM32U5xx_HAL_Driver/stm32u5xx_hal.o
 .debug_info    0x000019c9     0x1658 ./Drivers/STM32U5xx_HAL_Driver/stm32u5xx_hal_cortex.o
 .debug_info    0x00003021     0x11f0 ./Drivers/STM32U5xx_HAL_Driver/stm32u5xx_hal_rcc.o

.debug_abbrev   0x00000000      0xb79
 .debug_abbrev  0x00000000       0xc4 ./Core/Src/main.o
 .debug_abbrev  0x000000c4       0xde ./Core/Src/stm32u5xx_hal_msp.o
 .debug_abbrev  0x000001a2       0x73 ./Core/Src/stm32u5xx_it.o
 .debug_abbrev  0x00000215       0xbf ./Core/Src/system_stm32u5xx_ns.o
 .debug_abbrev  0x000002d4       0x24 ./Core/Startup/startup_stm32u585aiixq.o
 .debug_abbrev  0x000002f8      0x2a5 ./Drivers/STM32U5xx_HAL_Driver/stm32u5xx_hal.o
 .debug_abbrev  0x0000059d      0x311 ./Drivers/STM32U5xx_HAL_Driver/stm32u5xx_hal_cortex.o
 .debug_abbrev  0x000008ae      0x2cb ./Drivers/STM32U5xx_HAL_Driver/stm32u5xx_hal_rcc.o

.debug_aranges  0x00000000      0x408
 .debug_aranges
                0x00000000       0x28 ./Core/Src/main.o
 .debug_aranges
                0x00000028       0x20 ./Core/Src/stm32u5xx_hal_msp.o
 .debug_aranges
                0x00000048       0x40 ./Core/Src/stm32u5xx_it.o
 .debug_aranges
                0x00000088       0x28 ./Core/Src/system_stm32u5xx_ns.o
 .debug_aranges
                0x000000b0       0x28 ./Core/Startup/startup_stm32u585aiixq.o
 .debug_aranges
                0x000000d8      0x148 ./Drivers/STM32U5xx_HAL_Driver/stm32u5xx_hal.o
 .debug_aranges
                0x00000220      0x140 ./Drivers/STM32U5xx_HAL_Driver/stm32u5xx_hal_cortex.o
 .debug_aranges
                0x00000360       0xa8 ./Drivers/STM32U5xx_HAL_Driver/stm32u5xx_hal_rcc.o

.debug_rnglists
                0x00000000      0x2e7
 .debug_rnglists
                0x00000000       0x19 ./Core/Src/main.o
 .debug_rnglists
                0x00000019       0x13 ./Core/Src/stm32u5xx_hal_msp.o
 .debug_rnglists
                0x0000002c       0x2b ./Core/Src/stm32u5xx_it.o
 .debug_rnglists
                0x00000057       0x19 ./Core/Src/system_stm32u5xx_ns.o
 .debug_rnglists
                0x00000070       0x19 ./Core/Startup/startup_stm32u585aiixq.o
 .debug_rnglists
                0x00000089       0xf3 ./Drivers/STM32U5xx_HAL_Driver/stm32u5xx_hal.o
 .debug_rnglists
                0x0000017c       0xec ./Drivers/STM32U5xx_HAL_Driver/stm32u5xx_hal_cortex.o
 .debug_rnglists
                0x00000268       0x7f ./Drivers/STM32U5xx_HAL_Driver/stm32u5xx_hal_rcc.o

.debug_macro    0x00000000    0x3063f
 .debug_macro   0x00000000      0x259 ./Core/Src/main.o
 .debug_macro   0x00000259      0xade ./Core/Src/main.o
 .debug_macro   0x00000d37      0x1ef ./Core/Src/main.o
 .debug_macro   0x00000f26       0x2e ./Core/Src/main.o
 .debug_macro   0x00000f54       0x42 ./Core/Src/main.o
 .debug_macro   0x00000f96       0x22 ./Core/Src/main.o
 .debug_macro   0x00000fb8       0x8e ./Core/Src/main.o
 .debug_macro   0x00001046       0x51 ./Core/Src/main.o
 .debug_macro   0x00001097      0x103 ./Core/Src/main.o
 .debug_macro   0x0000119a       0x6a ./Core/Src/main.o
 .debug_macro   0x00001204      0x1df ./Core/Src/main.o
 .debug_macro   0x000013e3       0x1c ./Core/Src/main.o
 .debug_macro   0x000013ff       0x29 ./Core/Src/main.o
 .debug_macro   0x00001428       0xfb ./Core/Src/main.o
 .debug_macro   0x00001523     0x1685 ./Core/Src/main.o
 .debug_macro   0x00002ba8       0x5e ./Core/Src/main.o
 .debug_macro   0x00002c06    0x23cfa ./Core/Src/main.o
 .debug_macro   0x00026900       0x6d ./Core/Src/main.o
 .debug_macro   0x0002696d     0x393e ./Core/Src/main.o
 .debug_macro   0x0002a2ab      0x190 ./Core/Src/main.o
 .debug_macro   0x0002a43b       0x61 ./Core/Src/main.o
 .debug_macro   0x0002a49c       0x2a ./Core/Src/main.o
 .debug_macro   0x0002a4c6       0x43 ./Core/Src/main.o
 .debug_macro   0x0002a509       0x34 ./Core/Src/main.o
 .debug_macro   0x0002a53d      0x370 ./Core/Src/main.o
 .debug_macro   0x0002a8ad       0x16 ./Core/Src/main.o
 .debug_macro   0x0002a8c3       0x4a ./Core/Src/main.o
 .debug_macro   0x0002a90d       0x34 ./Core/Src/main.o
 .debug_macro   0x0002a941       0x10 ./Core/Src/main.o
 .debug_macro   0x0002a951       0x58 ./Core/Src/main.o
 .debug_macro   0x0002a9a9       0x8e ./Core/Src/main.o
 .debug_macro   0x0002aa37       0x1c ./Core/Src/main.o
 .debug_macro   0x0002aa53      0x185 ./Core/Src/main.o
 .debug_macro   0x0002abd8      0x19b ./Core/Src/main.o
 .debug_macro   0x0002ad73       0x5d ./Core/Src/main.o
 .debug_macro   0x0002add0     0x1bfd ./Core/Src/main.o
 .debug_macro   0x0002c9cd      0x7ff ./Core/Src/main.o
 .debug_macro   0x0002d1cc      0x166 ./Core/Src/main.o
 .debug_macro   0x0002d332      0x2aa ./Core/Src/main.o
 .debug_macro   0x0002d5dc      0x5a5 ./Core/Src/main.o
 .debug_macro   0x0002db81      0x439 ./Core/Src/main.o
 .debug_macro   0x0002dfba       0xd6 ./Core/Src/main.o
 .debug_macro   0x0002e090      0x1cd ./Core/Src/main.o
 .debug_macro   0x0002e25d      0x432 ./Core/Src/main.o
 .debug_macro   0x0002e68f       0x95 ./Core/Src/main.o
 .debug_macro   0x0002e724      0x11c ./Core/Src/main.o
 .debug_macro   0x0002e840      0x525 ./Core/Src/main.o
 .debug_macro   0x0002ed65      0x4bf ./Core/Src/main.o
 .debug_macro   0x0002f224      0x1c0 ./Core/Src/main.o
 .debug_macro   0x0002f3e4      0x361 ./Core/Src/main.o
 .debug_macro   0x0002f745      0x259 ./Core/Src/stm32u5xx_hal_msp.o
 .debug_macro   0x0002f99e      0x263 ./Core/Src/stm32u5xx_it.o
 .debug_macro   0x0002fc01      0x245 ./Core/Src/system_stm32u5xx_ns.o
 .debug_macro   0x0002fe46      0x269 ./Drivers/STM32U5xx_HAL_Driver/stm32u5xx_hal.o
 .debug_macro   0x000300af      0x245 ./Drivers/STM32U5xx_HAL_Driver/stm32u5xx_hal_cortex.o
 .debug_macro   0x000302f4      0x34b ./Drivers/STM32U5xx_HAL_Driver/stm32u5xx_hal_rcc.o

.debug_line     0x00000000     0x4d81
 .debug_line    0x00000000      0x764 ./Core/Src/main.o
 .debug_line    0x00000764      0x748 ./Core/Src/stm32u5xx_hal_msp.o
 .debug_line    0x00000eac      0x7a6 ./Core/Src/stm32u5xx_it.o
 .debug_line    0x00001652      0x737 ./Core/Src/system_stm32u5xx_ns.o
 .debug_line    0x00001d89       0x79 ./Core/Startup/startup_stm32u585aiixq.o
 .debug_line    0x00001e02      0xbf6 ./Drivers/STM32U5xx_HAL_Driver/stm32u5xx_hal.o
 .debug_line    0x000029f8      0xda6 ./Drivers/STM32U5xx_HAL_Driver/stm32u5xx_hal_cortex.o
 .debug_line    0x0000379e     0x15e3 ./Drivers/STM32U5xx_HAL_Driver/stm32u5xx_hal_rcc.o

.debug_str      0x00000000   0x130638
 .debug_str     0x00000000   0x130638 ./Core/Src/main.o
                             0x12e2b8 (size before relaxing)
 .debug_str     0x00130638   0x12e4bf ./Core/Src/stm32u5xx_hal_msp.o
 .debug_str     0x00130638   0x12e2cc ./Core/Src/stm32u5xx_it.o
 .debug_str     0x00130638   0x12e2eb ./Core/Src/system_stm32u5xx_ns.o
 .debug_str     0x00130638       0x86 ./Core/Startup/startup_stm32u585aiixq.o
 .debug_str     0x00130638   0x12f51d ./Drivers/STM32U5xx_HAL_Driver/stm32u5xx_hal.o
 .debug_str     0x00130638   0x12f2fd ./Drivers/STM32U5xx_HAL_Driver/stm32u5xx_hal_cortex.o
 .debug_str     0x00130638   0x12fd77 ./Drivers/STM32U5xx_HAL_Driver/stm32u5xx_hal_rcc.o

.comment        0x00000000       0x43
 .comment       0x00000000       0x43 ./Core/Src/main.o
                                 0x44 (size before relaxing)
 .comment       0x00000043       0x44 ./Core/Src/stm32u5xx_hal_msp.o
 .comment       0x00000043       0x44 ./Core/Src/stm32u5xx_it.o
 .comment       0x00000043       0x44 ./Core/Src/system_stm32u5xx_ns.o
 .comment       0x00000043       0x44 ./Drivers/STM32U5xx_HAL_Driver/stm32u5xx_hal.o
 .comment       0x00000043       0x44 ./Drivers/STM32U5xx_HAL_Driver/stm32u5xx_hal_cortex.o
 .comment       0x00000043       0x44 ./Drivers/STM32U5xx_HAL_Driver/stm32u5xx_hal_rcc.o

.debug_frame    0x00000000      0xe78
 .debug_frame   0x00000000       0x44 ./Core/Src/main.o
 .debug_frame   0x00000044       0x38 ./Core/Src/stm32u5xx_hal_msp.o
 .debug_frame   0x0000007c       0x9c ./Core/Src/stm32u5xx_it.o
 .debug_frame   0x00000118       0x4c ./Core/Src/system_stm32u5xx_ns.o
 .debug_frame   0x00000164      0x500 ./Drivers/STM32U5xx_HAL_Driver/stm32u5xx_hal.o
 .debug_frame   0x00000664      0x560 ./Drivers/STM32U5xx_HAL_Driver/stm32u5xx_hal_cortex.o
 .debug_frame   0x00000bc4      0x288 ./Drivers/STM32U5xx_HAL_Driver/stm32u5xx_hal_rcc.o
 .debug_frame   0x00000e4c       0x2c /opt/stm32cubeide/plugins/com.st.stm32cube.ide.mcu.externaltools.gnu-tools-for-stm32.13.3.rel1.linux64_1.0.0.202410170706/tools/bin/../lib/gcc/arm-none-eabi/13.3.1/../../../../arm-none-eabi/lib/thumb/v8-m.main+fp/hard/libc_nano.a(libc_a-init.o)

.debug_line_str
                0x00000000       0x6a
 .debug_line_str
                0x00000000       0x6a ./Core/Startup/startup_stm32u585aiixq.o
